Archive member included to satisfy reference by file (symbol)

c:/st/stm32cubeide_1.10.1/stm32cubeide/plugins/com.st.stm32cube.ide.mcu.externaltools.gnu-tools-for-stm32.10.3-2021.10.win32_1.0.0.202111181127/tools/bin/../lib/gcc/arm-none-eabi/10.3.1/../../../../arm-none-eabi/lib/thumb/v6-m/nofp\libc_nano.a(lib_a-errno.o)
                              ./Core/Src/syscalls.o (__errno)
c:/st/stm32cubeide_1.10.1/stm32cubeide/plugins/com.st.stm32cube.ide.mcu.externaltools.gnu-tools-for-stm32.10.3-2021.10.win32_1.0.0.202111181127/tools/bin/../lib/gcc/arm-none-eabi/10.3.1/../../../../arm-none-eabi/lib/thumb/v6-m/nofp\libc_nano.a(lib_a-exit.o)
                              c:/st/stm32cubeide_1.10.1/stm32cubeide/plugins/com.st.stm32cube.ide.mcu.externaltools.gnu-tools-for-stm32.10.3-2021.10.win32_1.0.0.202111181127/tools/bin/../lib/gcc/arm-none-eabi/10.3.1/../../../../arm-none-eabi/lib/thumb/v6-m/nofp/crt0.o (exit)
c:/st/stm32cubeide_1.10.1/stm32cubeide/plugins/com.st.stm32cube.ide.mcu.externaltools.gnu-tools-for-stm32.10.3-2021.10.win32_1.0.0.202111181127/tools/bin/../lib/gcc/arm-none-eabi/10.3.1/../../../../arm-none-eabi/lib/thumb/v6-m/nofp\libc_nano.a(lib_a-impure.o)
                              c:/st/stm32cubeide_1.10.1/stm32cubeide/plugins/com.st.stm32cube.ide.mcu.externaltools.gnu-tools-for-stm32.10.3-2021.10.win32_1.0.0.202111181127/tools/bin/../lib/gcc/arm-none-eabi/10.3.1/../../../../arm-none-eabi/lib/thumb/v6-m/nofp\libc_nano.a(lib_a-exit.o) (_global_impure_ptr)
c:/st/stm32cubeide_1.10.1/stm32cubeide/plugins/com.st.stm32cube.ide.mcu.externaltools.gnu-tools-for-stm32.10.3-2021.10.win32_1.0.0.202111181127/tools/bin/../lib/gcc/arm-none-eabi/10.3.1/../../../../arm-none-eabi/lib/thumb/v6-m/nofp\libc_nano.a(lib_a-init.o)
                              c:/st/stm32cubeide_1.10.1/stm32cubeide/plugins/com.st.stm32cube.ide.mcu.externaltools.gnu-tools-for-stm32.10.3-2021.10.win32_1.0.0.202111181127/tools/bin/../lib/gcc/arm-none-eabi/10.3.1/../../../../arm-none-eabi/lib/thumb/v6-m/nofp/crt0.o (__libc_init_array)
c:/st/stm32cubeide_1.10.1/stm32cubeide/plugins/com.st.stm32cube.ide.mcu.externaltools.gnu-tools-for-stm32.10.3-2021.10.win32_1.0.0.202111181127/tools/bin/../lib/gcc/arm-none-eabi/10.3.1/../../../../arm-none-eabi/lib/thumb/v6-m/nofp\libc_nano.a(lib_a-memset.o)
                              c:/st/stm32cubeide_1.10.1/stm32cubeide/plugins/com.st.stm32cube.ide.mcu.externaltools.gnu-tools-for-stm32.10.3-2021.10.win32_1.0.0.202111181127/tools/bin/../lib/gcc/arm-none-eabi/10.3.1/../../../../arm-none-eabi/lib/thumb/v6-m/nofp/crt0.o (memset)
c:/st/stm32cubeide_1.10.1/stm32cubeide/plugins/com.st.stm32cube.ide.mcu.externaltools.gnu-tools-for-stm32.10.3-2021.10.win32_1.0.0.202111181127/tools/bin/../lib/gcc/arm-none-eabi/10.3.1/../../../../arm-none-eabi/lib/thumb/v6-m/nofp\libc_nano.a(lib_a-snprintf.o)
                              ./Core/Src/main.o (snprintf)
c:/st/stm32cubeide_1.10.1/stm32cubeide/plugins/com.st.stm32cube.ide.mcu.externaltools.gnu-tools-for-stm32.10.3-2021.10.win32_1.0.0.202111181127/tools/bin/../lib/gcc/arm-none-eabi/10.3.1/../../../../arm-none-eabi/lib/thumb/v6-m/nofp\libc_nano.a(lib_a-nano-svfprintf.o)
                              c:/st/stm32cubeide_1.10.1/stm32cubeide/plugins/com.st.stm32cube.ide.mcu.externaltools.gnu-tools-for-stm32.10.3-2021.10.win32_1.0.0.202111181127/tools/bin/../lib/gcc/arm-none-eabi/10.3.1/../../../../arm-none-eabi/lib/thumb/v6-m/nofp\libc_nano.a(lib_a-snprintf.o) (_svfprintf_r)
c:/st/stm32cubeide_1.10.1/stm32cubeide/plugins/com.st.stm32cube.ide.mcu.externaltools.gnu-tools-for-stm32.10.3-2021.10.win32_1.0.0.202111181127/tools/bin/../lib/gcc/arm-none-eabi/10.3.1/../../../../arm-none-eabi/lib/thumb/v6-m/nofp\libc_nano.a(lib_a-nano-vfprintf_i.o)
                              c:/st/stm32cubeide_1.10.1/stm32cubeide/plugins/com.st.stm32cube.ide.mcu.externaltools.gnu-tools-for-stm32.10.3-2021.10.win32_1.0.0.202111181127/tools/bin/../lib/gcc/arm-none-eabi/10.3.1/../../../../arm-none-eabi/lib/thumb/v6-m/nofp\libc_nano.a(lib_a-nano-svfprintf.o) (_printf_i)
c:/st/stm32cubeide_1.10.1/stm32cubeide/plugins/com.st.stm32cube.ide.mcu.externaltools.gnu-tools-for-stm32.10.3-2021.10.win32_1.0.0.202111181127/tools/bin/../lib/gcc/arm-none-eabi/10.3.1/../../../../arm-none-eabi/lib/thumb/v6-m/nofp\libc_nano.a(lib_a-memchr-stub.o)
                              c:/st/stm32cubeide_1.10.1/stm32cubeide/plugins/com.st.stm32cube.ide.mcu.externaltools.gnu-tools-for-stm32.10.3-2021.10.win32_1.0.0.202111181127/tools/bin/../lib/gcc/arm-none-eabi/10.3.1/../../../../arm-none-eabi/lib/thumb/v6-m/nofp\libc_nano.a(lib_a-nano-svfprintf.o) (memchr)
c:/st/stm32cubeide_1.10.1/stm32cubeide/plugins/com.st.stm32cube.ide.mcu.externaltools.gnu-tools-for-stm32.10.3-2021.10.win32_1.0.0.202111181127/tools/bin/../lib/gcc/arm-none-eabi/10.3.1/../../../../arm-none-eabi/lib/thumb/v6-m/nofp\libc_nano.a(lib_a-memcpy-stub.o)
[...]
Memory Configuration

Name             Origin             Length             Attributes
RAM              0x0000000020000000 0x0000000000024000 xrw
FLASH            0x0000000008000000 0x0000000000080000 xr
*default*        0x0000000000000000 0xffffffffffffffff

Linker script and memory map

LOAD c:/st/stm32cubeide_1.10.1/stm32cubeide/plugins/com.st.stm32cube.ide.mcu.externaltools.gnu-tools-for-stm32.10.3-2021.10.win32_1.0.0.202111181127/tools/bin/../lib/gcc/arm-none-eabi/10.3.1/thumb/v6-m/nofp/crti.o
LOAD c:/st/stm32cubeide_1.10.1/stm32cubeide/plugins/com.st.stm32cube.ide.mcu.externaltools.gnu-tools-for-stm32.10.3-2021.10.win32_1.0.0.202111181127/tools/bin/../lib/gcc/arm-none-eabi/10.3.1/thumb/v6-m/nofp/crtbegin.o
LOAD c:/st/stm32cubeide_1.10.1/stm32cubeide/plugins/com.st.stm32cube.ide.mcu.externaltools.gnu-tools-for-stm32.10.3-2021.10.win32_1.0.0.202111181127/tools/bin/../lib/gcc/arm-none-eabi/10.3.1/../../../../arm-none-eabi/lib/thumb/v6-m/nofp/crt0.o
LOAD ./Core/Src/lcd_txt.o
LOAD ./Core/Src/main.o
LOAD ./Core/Src/stm32g0xx_hal_msp.o
LOAD ./Core/Src/stm32g0xx_it.o
LOAD ./Core/Src/syscalls.o
LOAD ./Core/Src/sysmem.o
LOAD ./Core/Src/system_stm32g0xx.o
LOAD ./Core/Startup/startup_stm32g0b1ceuxn.o
LOAD ./Drivers/STM32G0xx_HAL_Driver/Src/stm32g0xx_hal.o
LOAD ./Drivers/STM32G0xx_HAL_Driver/Src/stm32g0xx_hal_adc.o
LOAD ./Drivers/STM32G0xx_HAL_Driver/Src/stm32g0xx_hal_adc_ex.o
LOAD ./Drivers/STM32G0xx_HAL_Driver/Src/stm32g0xx_hal_cortex.o
LOAD ./Drivers/STM32G0xx_HAL_Driver/Src/stm32g0xx_hal_dma.o
LOAD ./Drivers/STM32G0xx_HAL_Driver/Src/stm32g0xx_hal_dma_ex.o
LOAD ./Drivers/STM32G0xx_HAL_Driver/Src/stm32g0xx_hal_exti.o
LOAD ./Drivers/STM32G0xx_HAL_Driver/Src/stm32g0xx_hal_flash.o
LOAD ./Drivers/STM32G0xx_HAL_Driver/Src/stm32g0xx_hal_flash_ex.o
LOAD ./Drivers/STM32G0xx_HAL_Driver/Src/stm32g0xx_hal_gpio.o
LOAD ./Drivers/STM32G0xx_HAL_Driver/Src/stm32g0xx_hal_pwr.o
LOAD ./Drivers/STM32G0xx_HAL_Driver/Src/stm32g0xx_hal_pwr_ex.o
LOAD ./Drivers/STM32G0xx_HAL_Driver/Src/stm32g0xx_hal_rcc.o
LOAD ./Drivers/STM32G0xx_HAL_Driver/Src/stm32g0xx_hal_rcc_ex.o
LOAD ./Drivers/STM32G0xx_HAL_Driver/Src/stm32g0xx_ll_adc.o
LOAD ./Drivers/STM32G0xx_HAL_Driver/Src/stm32g0xx_ll_dma.o
LOAD ./Drivers/STM32G0xx_HAL_Driver/Src/stm32g0xx_ll_rcc.o
START GROUP
LOAD c:/st/stm32cubeide_1.10.1/stm32cubeide/plugins/com.st.stm32cube.ide.mcu.externaltools.gnu-tools-for-stm32.10.3-2021.10.win32_1.0.0.202111181127/tools/bin/../lib/gcc/arm-none-eabi/10.3.1/../../../../arm-none-eabi/lib/thumb/v6-m/nofp\libc_nano.a
LOAD c:/st/stm32cubeide_1.10.1/stm32cubeide/plugins/com.st.stm32cube.ide.mcu.externaltools.gnu-tools-for-stm32.10.3-2021.10.win32_1.0.0.202111181127/tools/bin/../lib/gcc/arm-none-eabi/10.3.1/../../../../arm-none-eabi/lib/thumb/v6-m/nofp\libm.a
END GROUP
START GROUP
LOAD c:/st/stm32cubeide_1.10.1/stm32cubeide/plugins/com.st.stm32cube.ide.mcu.externaltools.gnu-tools-for-stm32.10.3-2021.10.win32_1.0.0.202111181127/tools/bin/../lib/gcc/arm-none-eabi/10.3.1/thumb/v6-m/nofp\libgcc.a
LOAD c:/st/stm32cubeide_1.10.1/stm32cubeide/plugins/com.st.stm32cube.ide.mcu.externaltools.gnu-tools-for-stm32.10.3-2021.10.win32_1.0.0.202111181127/tools/bin/../lib/gcc/arm-none-eabi/10.3.1/../../../../arm-none-eabi/lib/thumb/v6-m/nofp\libc_nano.a
END GROUP
START GROUP
LOAD c:/st/stm32cubeide_1.10.1/stm32cubeide/plugins/com.st.stm32cube.ide.mcu.externaltools.gnu-tools-for-stm32.10.3-2021.10.win32_1.0.0.202111181127/tools/bin/../lib/gcc/arm-none-eabi/10.3.1/thumb/v6-m/nofp\libgcc.a
LOAD c:/st/stm32cubeide_1.10.1/stm32cubeide/plugins/com.st.stm32cube.ide.mcu.externaltools.gnu-tools-for-stm32.10.3-2021.10.win32_1.0.0.202111181127/tools/bin/../lib/gcc/arm-none-eabi/10.3.1/../../../../arm-none-eabi/lib/thumb/v6-m/nofp\libc_nano.a
LOAD c:/st/stm32cubeide_1.10.1/stm32cubeide/plugins/com.st.stm32cube.ide.mcu.externaltools.gnu-tools-for-stm32.10.3-2021.10.win32_1.0.0.202111181127/tools/bin/../lib/gcc/arm-none-eabi/10.3.1/../../../../arm-none-eabi/lib/thumb/v6-m/nofp\libnosys.a
END GROUP
START GROUP
LOAD c:/st/stm32cubeide_1.10.1/stm32cubeide/plugins/com.st.stm32cube.ide.mcu.externaltools.gnu-tools-for-stm32.10.3-2021.10.win32_1.0.0.202111181127/tools/bin/../lib/gcc/arm-none-eabi/10.3.1/thumb/v6-m/nofp\libgcc.a
LOAD c:/st/stm32cubeide_1.10.1/stm32cubeide/plugins/com.st.stm32cube.ide.mcu.externaltools.gnu-tools-for-stm32.10.3-2021.10.win32_1.0.0.202111181127/tools/bin/../lib/gcc/arm-none-eabi/10.3.1/../../../../arm-none-eabi/lib/thumb/v6-m/nofp\libc_nano.a
LOAD c:/st/stm32cubeide_1.10.1/stm32cubeide/plugins/com.st.stm32cube.ide.mcu.externaltools.gnu-tools-for-stm32.10.3-2021.10.win32_1.0.0.202111181127/tools/bin/../lib/gcc/arm-none-eabi/10.3.1/../../../../arm-none-eabi/lib/thumb/v6-m/nofp\libnosys.a
END GROUP
LOAD c:/st/stm32cubeide_1.10.1/stm32cubeide/plugins/com.st.stm32cube.ide.mcu.externaltools.gnu-tools-for-stm32.10.3-2021.10.win32_1.0.0.202111181127/tools/bin/../lib/gcc/arm-none-eabi/10.3.1/thumb/v6-m/nofp/crtend.o
LOAD c:/st/stm32cubeide_1.10.1/stm32cubeide/plugins/com.st.stm32cube.ide.mcu.externaltools.gnu-tools-for-stm32.10.3-2021.10.win32_1.0.0.202111181127/tools/bin/../lib/gcc/arm-none-eabi/10.3.1/thumb/v6-m/nofp/crtn.o
                0x0000000020024000                _estack = (ORIGIN (RAM) + LENGTH (RAM))
                0x0000000000000200                _Min_Heap_Size = 0x200
                0x0000000000000400                _Min_Stack_Size = 0x400

.isr_vector     0x0000000008000000       0xbc
                0x0000000008000000                . = ALIGN (0x4)
 *(.isr_vector)
 .isr_vector    0x0000000008000000       0xbc ./Core/Startup/startup_stm32g0b1ceuxn.o
                0x0000000008000000                g_pfnVectors
                0x00000000080000bc                . = ALIGN (0x4)

.text           0x00000000080000bc     0x4984
                0x00000000080000bc                . = ALIGN (0x4)
 *(.text)
 .text          0x00000000080000bc       0x48 c:/st/stm32cubeide_1.10.1/stm32cubeide/plugins/com.st.stm32cube.ide.mcu.externaltools.gnu-tools-for-stm32.10.3-2021.10.win32_1.0.0.202111181127/tools/bin/../lib/gcc/arm-none-eabi/10.3.1/thumb/v6-m/nofp/crtbegin.o
 .text          0x0000000008000104       0x14 c:/st/stm32cubeide_1.10.1/stm32cubeide/plugins/com.st.stm32cube.ide.mcu.externaltools.gnu-tools-for-stm32.10.3-2021.10.win32_1.0.0.202111181127/tools/bin/../lib/gcc/arm-none-eabi/10.3.1/thumb/v6-m/nofp\libgcc.a(_thumb1_case_shi.o)
                0x0000000008000104                __gnu_thumb1_case_shi
 .text          0x0000000008000118      0x114 c:/st/stm32cubeide_1.10.1/stm32cubeide/plugins/com.st.stm32cube.ide.mcu.externaltools.gnu-tools-for-stm32.10.3-2021.10.win32_1.0.0.202111181127/tools/bin/../lib/gcc/arm-none-eabi/10.3.1/thumb/v6-m/nofp\libgcc.a(_udivsi3.o)
                0x0000000008000118                __aeabi_uidiv
                0x0000000008000118                __udivsi3
                0x0000000008000224                __aeabi_uidivmod
 .text          0x000000000800022c        0x4 c:/st/stm32cubeide_1.10.1/stm32cubeide/plugins/com.st.stm32cube.ide.mcu.externaltools.gnu-tools-for-stm32.10.3-2021.10.win32_1.0.0.202111181127/tools/bin/../lib/gcc/arm-none-eabi/10.3.1/thumb/v6-m/nofp\libgcc.a(_dvmd_tls.o)
                0x000000000800022c                __aeabi_idiv0
                0x000000000800022c                __aeabi_ldiv0
 .text          0x0000000008000230       0x3c c:/st/stm32cubeide_1.10.1/stm32cubeide/plugins/com.st.stm32cube.ide.mcu.externaltools.gnu-tools-for-stm32.10.3-2021.10.win32_1.0.0.202111181127/tools/bin/../lib/gcc/arm-none-eabi/10.3.1/thumb/v6-m/nofp\libgcc.a(_fixunsdfsi.o)
                0x0000000008000230                __aeabi_d2uiz
                0x0000000008000230                __fixunsdfsi
 .text          0x000000000800026c      0x4d8 c:/st/stm32cubeide_1.10.1/stm32cubeide/plugins/com.st.stm32cube.ide.mcu.externaltools.gnu-tools-for-stm32.10.3-2021.10.win32_1.0.0.202111181127/tools/bin/../lib/gcc/arm-none-eabi/10.3.1/thumb/v6-m/nofp\libgcc.a(muldf3.o)
                0x000000000800026c                __aeabi_dmul
 .text          0x0000000008000744      0x724 c:/st/stm32cubeide_1.10.1/stm32cubeide/plugins/com.st.stm32cube.ide.mcu.externaltools.gnu-tools-for-stm32.10.3-2021.10.win32_1.0.0.202111181127/tools/bin/../lib/gcc/arm-none-eabi/10.3.1/thumb/v6-m/nofp\libgcc.a(subdf3.o)
                0x0000000008000744                __aeabi_dsub
 .text          0x0000000008000e68       0x6c c:/st/stm32cubeide_1.10.1/stm32cubeide/plugins/com.st.stm32cube.ide.mcu.externaltools.gnu-tools-for-stm32.10.3-2021.10.win32_1.0.0.202111181127/tools/bin/../lib/gcc/arm-none-eabi/10.3.1/thumb/v6-m/nofp\libgcc.a(fixdfsi.o)
                0x0000000008000e68                __aeabi_d2iz
 .text          0x0000000008000ed4       0x60 c:/st/stm32cubeide_1.10.1/stm32cubeide/plugins/com.st.stm32cube.ide.mcu.externaltools.gnu-tools-for-stm32.10.3-2021.10.win32_1.0.0.202111181127/tools/bin/../lib/gcc/arm-none-eabi/10.3.1/thumb/v6-m/nofp\libgcc.a(floatsidf.o)
                0x0000000008000ed4                __aeabi_i2d
 .text          0x0000000008000f34       0x7c c:/st/stm32cubeide_1.10.1/stm32cubeide/plugins/com.st.stm32cube.ide.mcu.externaltools.gnu-tools-for-stm32.10.3-2021.10.win32_1.0.0.202111181127/tools/bin/../lib/gcc/arm-none-eabi/10.3.1/thumb/v6-m/nofp\libgcc.a(_arm_cmpdf2.o)
                0x0000000008000f34                __aeabi_cdrcmple
                0x0000000008000f44                __aeabi_cdcmple
                0x0000000008000f44                __aeabi_cdcmpeq
                0x0000000008000f54                __aeabi_dcmpeq
                0x0000000008000f60                __aeabi_dcmplt
                0x0000000008000f74                __aeabi_dcmple
                0x0000000008000f88                __aeabi_dcmpgt
                0x0000000008000f9c                __aeabi_dcmpge
 .text          0x0000000008000fb0       0x3c c:/st/stm32cubeide_1.10.1/stm32cubeide/plugins/com.st.stm32cube.ide.mcu.externaltools.gnu-tools-for-stm32.10.3-2021.10.win32_1.0.0.202111181127/tools/bin/../lib/gcc/arm-none-eabi/10.3.1/thumb/v6-m/nofp\libgcc.a(_clzsi2.o)
                0x0000000008000fb0                __clzsi2
 .text          0x0000000008000fec       0x84 c:/st/stm32cubeide_1.10.1/stm32cubeide/plugins/com.st.stm32cube.ide.mcu.externaltools.gnu-tools-for-stm32.10.3-2021.10.win32_1.0.0.202111181127/tools/bin/../lib/gcc/arm-none-eabi/10.3.1/thumb/v6-m/nofp\libgcc.a(eqdf2.o)
                0x0000000008000fec                __nedf2
                0x0000000008000fec                __eqdf2
 .text          0x0000000008001070       0xcc c:/st/stm32cubeide_1.10.1/stm32cubeide/plugins/com.st.stm32cube.ide.mcu.externaltools.gnu-tools-for-stm32.10.3-2021.10.win32_1.0.0.202111181127/tools/bin/../lib/gcc/arm-none-eabi/10.3.1/thumb/v6-m/nofp\libgcc.a(gedf2.o)
                0x0000000008001070                __gedf2
                0x0000000008001070                __gtdf2
 .text          0x000000000800113c       0xc8 c:/st/stm32cubeide_1.10.1/stm32cubeide/plugins/com.st.stm32cube.ide.mcu.externaltools.gnu-tools-for-stm32.10.3-2021.10.win32_1.0.0.202111181127/tools/bin/../lib/gcc/arm-none-eabi/10.3.1/thumb/v6-m/nofp\libgcc.a(ledf2.o)
                0x000000000800113c                __ledf2
                0x000000000800113c                __ltdf2
 *(.text*)
 .text.lcd_init
                0x0000000008001204       0x90 ./Core/Src/lcd_txt.o
                0x0000000008001204                lcd_init
 .text.lcd_write
                0x0000000008001294      0x1b0 ./Core/Src/lcd_txt.o
                0x0000000008001294                lcd_write
 .text.lcd_puts
                0x0000000008001444       0xa2 ./Core/Src/lcd_txt.o
                0x0000000008001444                lcd_puts
 .text.lcd_clear
                0x00000000080014e6       0x12 ./Core/Src/lcd_txt.o
                0x00000000080014e6                lcd_clear
 .text.HAL_ADC_ConvCpltCallback
                0x00000000080014f8       0x28 ./Core/Src/main.o
                0x00000000080014f8                HAL_ADC_ConvCpltCallback
 .text.main     0x0000000008001520       0xc0 ./Core/Src/main.o
                0x0000000008001520                main
 .text.SystemClock_Config
                0x00000000080015e0       0x90 ./Core/Src/main.o
                0x00000000080015e0                SystemClock_Config
 .text.MX_ADC1_Init
                0x0000000008001670       0xd8 ./Core/Src/main.o
 .text.MX_GPIO_Init
                0x0000000008001748       0x8c ./Core/Src/main.o
 .text.Error_Handler
                0x00000000080017d4        0xa ./Core/Src/main.o
                0x00000000080017d4                Error_Handler
 *fill*         0x00000000080017de        0x2 
 .text.HAL_MspInit
                0x00000000080017e0       0x48 ./Core/Src/stm32g0xx_hal_msp.o
                0x00000000080017e0                HAL_MspInit
 .text.HAL_ADC_MspInit
                0x0000000008001828       0xc8 ./Core/Src/stm32g0xx_hal_msp.o
                0x0000000008001828                HAL_ADC_MspInit
 .text.NMI_Handler
                0x00000000080018f0        0x6 ./Core/Src/stm32g0xx_it.o
                0x00000000080018f0                NMI_Handler
 .text.HardFault_Handler
                0x00000000080018f6        0x6 ./Core/Src/stm32g0xx_it.o
                0x00000000080018f6                HardFault_Handler
 .text.SVC_Handler
                0x00000000080018fc        0xa ./Core/Src/stm32g0xx_it.o
                0x00000000080018fc                SVC_Handler
 .text.PendSV_Handler
                0x0000000008001906        0xa ./Core/Src/stm32g0xx_it.o
                0x0000000008001906                PendSV_Handler
 .text.SysTick_Handler
                0x0000000008001910        0xe ./Core/Src/stm32g0xx_it.o
                0x0000000008001910                SysTick_Handler
 *fill*         0x000000000800191e        0x2 
 .text.ADC1_COMP_IRQHandler
                0x0000000008001920       0x18 ./Core/Src/stm32g0xx_it.o
                0x0000000008001920                ADC1_COMP_IRQHandler
 .text._sbrk    0x0000000008001938       0x6c ./Core/Src/sysmem.o
                0x0000000008001938                _sbrk
 .text.SystemInit
                0x00000000080019a4        0xa ./Core/Src/system_stm32g0xx.o
                0x00000000080019a4                SystemInit
 *fill*         0x00000000080019ae        0x2 
 .text.Reset_Handler
                0x00000000080019b0       0x50 ./Core/Startup/startup_stm32g0b1ceuxn.o
                0x00000000080019b0                Reset_Handler
 .text.Default_Handler
                0x0000000008001a00        0x2 ./Core/Startup/startup_stm32g0b1ceuxn.o
                0x0000000008001a00                I2C2_3_IRQHandler
                0x0000000008001a00                USART3_4_5_6_LPUART1_IRQHandler
                0x0000000008001a00                TIM1_CC_IRQHandler
                0x0000000008001a00                I2C1_IRQHandler
                0x0000000008001a00                TIM7_LPTIM2_IRQHandler
                0x0000000008001a00                TIM17_FDCAN_IT1_IRQHandler
                0x0000000008001a00                DMA1_Ch4_7_DMA2_Ch1_5_DMAMUX1_OVR_IRQHandler
                0x0000000008001a00                RCC_CRS_IRQHandler
                0x0000000008001a00                RTC_TAMP_IRQHandler
                0x0000000008001a00                SPI1_IRQHandler
                0x0000000008001a00                USB_UCPD1_2_IRQHandler
                0x0000000008001a00                EXTI2_3_IRQHandler
                0x0000000008001a00                USART2_LPUART2_IRQHandler
                0x0000000008001a00                PVD_VDDIO2_IRQHandler
                0x0000000008001a00                EXTI4_15_IRQHandler
                0x0000000008001a00                DMA1_Channel1_IRQHandler
                0x0000000008001a00                Default_Handler
                0x0000000008001a00                CEC_IRQHandler
                0x0000000008001a00                TIM14_IRQHandler
                0x0000000008001a00                TIM15_IRQHandler
                0x0000000008001a00                TIM3_TIM4_IRQHandler
                0x0000000008001a00                EXTI0_1_IRQHandler
                0x0000000008001a00                SPI2_3_IRQHandler
                0x0000000008001a00                TIM6_DAC_LPTIM1_IRQHandler
                0x0000000008001a00                WWDG_IRQHandler
                0x0000000008001a00                TIM2_IRQHandler
                0x0000000008001a00                DMA1_Channel2_3_IRQHandler
                0x0000000008001a00                FLASH_IRQHandler
                0x0000000008001a00                USART1_IRQHandler
                0x0000000008001a00                TIM16_FDCAN_IT0_IRQHandler
                0x0000000008001a00                TIM1_BRK_UP_TRG_COM_IRQHandler
 *fill*         0x0000000008001a02        0x2 
 .text.HAL_Init
                0x0000000008001a04       0x40 ./Drivers/STM32G0xx_HAL_Driver/Src/stm32g0xx_hal.o
                0x0000000008001a04                HAL_Init
 .text.HAL_InitTick
                0x0000000008001a44       0x94 ./Drivers/STM32G0xx_HAL_Driver/Src/stm32g0xx_hal.o
                0x0000000008001a44                HAL_InitTick
 .text.HAL_IncTick
                0x0000000008001ad8       0x24 ./Drivers/STM32G0xx_HAL_Driver/Src/stm32g0xx_hal.o
                0x0000000008001ad8                HAL_IncTick
 .text.HAL_GetTick
                0x0000000008001afc       0x14 ./Drivers/STM32G0xx_HAL_Driver/Src/stm32g0xx_hal.o
                0x0000000008001afc                HAL_GetTick
 .text.HAL_Delay
                0x0000000008001b10       0x48 ./Drivers/STM32G0xx_HAL_Driver/Src/stm32g0xx_hal.o
                0x0000000008001b10                HAL_Delay
 .text.LL_ADC_SetCommonPathInternalCh
                0x0000000008001b58       0x28 ./Drivers/STM32G0xx_HAL_Driver/Src/stm32g0xx_hal_adc.o
 .text.LL_ADC_GetCommonPathInternalCh
                0x0000000008001b80       0x1a ./Drivers/STM32G0xx_HAL_Driver/Src/stm32g0xx_hal_adc.o
 .text.LL_ADC_SetSamplingTimeCommonChannels
                0x0000000008001b9a       0x3a ./Drivers/STM32G0xx_HAL_Driver/Src/stm32g0xx_hal_adc.o
 .text.LL_ADC_GetSamplingTimeCommonChannels
                0x0000000008001bd4       0x2e ./Drivers/STM32G0xx_HAL_Driver/Src/stm32g0xx_hal_adc.o
 .text.LL_ADC_REG_IsTriggerSourceSWStart
                0x0000000008001c02       0x22 ./Drivers/STM32G0xx_HAL_Driver/Src/stm32g0xx_hal_adc.o
 .text.LL_ADC_REG_SetSequencerRanks
                0x0000000008001c24       0x40 ./Drivers/STM32G0xx_HAL_Driver/Src/stm32g0xx_hal_adc.o
 .text.LL_ADC_REG_SetSequencerChAdd
                0x0000000008001c64       0x22 ./Drivers/STM32G0xx_HAL_Driver/Src/stm32g0xx_hal_adc.o
 .text.LL_ADC_REG_SetSequencerChRem
                0x0000000008001c86       0x24 ./Drivers/STM32G0xx_HAL_Driver/Src/stm32g0xx_hal_adc.o
 .text.LL_ADC_REG_GetDMATransfer
                0x0000000008001caa       0x18 ./Drivers/STM32G0xx_HAL_Driver/Src/stm32g0xx_hal_adc.o
 *fill*         0x0000000008001cc2        0x2 
 .text.LL_ADC_SetChannelSamplingTime
                0x0000000008001cc4       0x38 ./Drivers/STM32G0xx_HAL_Driver/Src/stm32g0xx_hal_adc.o
 .text.LL_ADC_EnableInternalRegulator
                0x0000000008001cfc       0x28 ./Drivers/STM32G0xx_HAL_Driver/Src/stm32g0xx_hal_adc.o
 .text.LL_ADC_IsInternalRegulatorEnabled
                0x0000000008001d24       0x28 ./Drivers/STM32G0xx_HAL_Driver/Src/stm32g0xx_hal_adc.o
 .text.LL_ADC_Enable
                0x0000000008001d4c       0x24 ./Drivers/STM32G0xx_HAL_Driver/Src/stm32g0xx_hal_adc.o
 .text.LL_ADC_Disable
                0x0000000008001d70       0x24 ./Drivers/STM32G0xx_HAL_Driver/Src/stm32g0xx_hal_adc.o
 .text.LL_ADC_IsEnabled
                0x0000000008001d94       0x22 ./Drivers/STM32G0xx_HAL_Driver/Src/stm32g0xx_hal_adc.o
 .text.LL_ADC_IsDisableOngoing
                0x0000000008001db6       0x22 ./Drivers/STM32G0xx_HAL_Driver/Src/stm32g0xx_hal_adc.o
 .text.LL_ADC_REG_StartConversion
                0x0000000008001dd8       0x24 ./Drivers/STM32G0xx_HAL_Driver/Src/stm32g0xx_hal_adc.o
 .text.LL_ADC_REG_IsConversionOngoing
                0x0000000008001dfc       0x22 ./Drivers/STM32G0xx_HAL_Driver/Src/stm32g0xx_hal_adc.o
 *fill*         0x0000000008001e1e        0x2 
 .text.HAL_ADC_Init
                0x0000000008001e20      0x350 ./Drivers/STM32G0xx_HAL_Driver/Src/stm32g0xx_hal_adc.o
                0x0000000008001e20                HAL_ADC_Init
 .text.HAL_ADC_Start_IT
                0x0000000008002170       0xf0 ./Drivers/STM32G0xx_HAL_Driver/Src/stm32g0xx_hal_adc.o
                0x0000000008002170                HAL_ADC_Start_IT
 .text.HAL_ADC_GetValue
                0x0000000008002260       0x16 ./Drivers/STM32G0xx_HAL_Driver/Src/stm32g0xx_hal_adc.o
                0x0000000008002260                HAL_ADC_GetValue
 *fill*         0x0000000008002276        0x2 
 .text.HAL_ADC_IRQHandler
                0x0000000008002278      0x230 ./Drivers/STM32G0xx_HAL_Driver/Src/stm32g0xx_hal_adc.o
                0x0000000008002278                HAL_ADC_IRQHandler
 .text.HAL_ADC_LevelOutOfWindowCallback
                0x00000000080024a8       0x10 ./Drivers/STM32G0xx_HAL_Driver/Src/stm32g0xx_hal_adc.o
                0x00000000080024a8                HAL_ADC_LevelOutOfWindowCallback
 .text.HAL_ADC_ErrorCallback
                0x00000000080024b8       0x10 ./Drivers/STM32G0xx_HAL_Driver/Src/stm32g0xx_hal_adc.o
                0x00000000080024b8                HAL_ADC_ErrorCallback
 .text.HAL_ADC_ConfigChannel
                0x00000000080024c8      0x3b0 ./Drivers/STM32G0xx_HAL_Driver/Src/stm32g0xx_hal_adc.o
                0x00000000080024c8                HAL_ADC_ConfigChannel
 .text.ADC_Enable
                0x0000000008002878      0x10c ./Drivers/STM32G0xx_HAL_Driver/Src/stm32g0xx_hal_adc.o
                0x0000000008002878                ADC_Enable
 .text.ADC_Disable
                0x0000000008002984       0xbc ./Drivers/STM32G0xx_HAL_Driver/Src/stm32g0xx_hal_adc.o
                0x0000000008002984                ADC_Disable
 .text.LL_ADC_SetCalibrationFactor
                0x0000000008002a40       0x28 ./Drivers/STM32G0xx_HAL_Driver/Src/stm32g0xx_hal_adc_ex.o
 .text.LL_ADC_GetCalibrationFactor
                0x0000000008002a68       0x1a ./Drivers/STM32G0xx_HAL_Driver/Src/stm32g0xx_hal_adc_ex.o
 *fill*         0x0000000008002a82        0x2 
 .text.LL_ADC_Enable
                0x0000000008002a84       0x24 ./Drivers/STM32G0xx_HAL_Driver/Src/stm32g0xx_hal_adc_ex.o
 .text.LL_ADC_Disable
                0x0000000008002aa8       0x24 ./Drivers/STM32G0xx_HAL_Driver/Src/stm32g0xx_hal_adc_ex.o
 .text.LL_ADC_IsEnabled
                0x0000000008002acc       0x22 ./Drivers/STM32G0xx_HAL_Driver/Src/stm32g0xx_hal_adc_ex.o
 *fill*         0x0000000008002aee        0x2 
 .text.LL_ADC_StartCalibration
                0x0000000008002af0       0x28 ./Drivers/STM32G0xx_HAL_Driver/Src/stm32g0xx_hal_adc_ex.o
 .text.LL_ADC_IsCalibrationOnGoing
                0x0000000008002b18       0x26 ./Drivers/STM32G0xx_HAL_Driver/Src/stm32g0xx_hal_adc_ex.o
 *fill*         0x0000000008002b3e        0x2 
 .text.HAL_ADCEx_Calibration_Start
                0x0000000008002b40      0x1ac ./Drivers/STM32G0xx_HAL_Driver/Src/stm32g0xx_hal_adc_ex.o
                0x0000000008002b40                HAL_ADCEx_Calibration_Start
 .text.HAL_ADCEx_LevelOutOfWindow2Callback
                0x0000000008002cec       0x10 ./Drivers/STM32G0xx_HAL_Driver/Src/stm32g0xx_hal_adc_ex.o
                0x0000000008002cec                HAL_ADCEx_LevelOutOfWindow2Callback
 .text.HAL_ADCEx_LevelOutOfWindow3Callback
                0x0000000008002cfc       0x10 ./Drivers/STM32G0xx_HAL_Driver/Src/stm32g0xx_hal_adc_ex.o
                0x0000000008002cfc                HAL_ADCEx_LevelOutOfWindow3Callback
 .text.HAL_ADCEx_EndOfSamplingCallback
                0x0000000008002d0c       0x10 ./Drivers/STM32G0xx_HAL_Driver/Src/stm32g0xx_hal_adc_ex.o
                0x0000000008002d0c                HAL_ADCEx_EndOfSamplingCallback
 .text.HAL_ADCEx_ChannelConfigReadyCallback
                0x0000000008002d1c       0x10 ./Drivers/STM32G0xx_HAL_Driver/Src/stm32g0xx_hal_adc_ex.o
                0x0000000008002d1c                HAL_ADCEx_ChannelConfigReadyCallback
 .text.__NVIC_EnableIRQ
                0x0000000008002d2c       0x34 ./Drivers/STM32G0xx_HAL_Driver/Src/stm32g0xx_hal_cortex.o
 .text.__NVIC_SetPriority
                0x0000000008002d60       0xdc ./Drivers/STM32G0xx_HAL_Driver/Src/stm32g0xx_hal_cortex.o
 .text.SysTick_Config
                0x0000000008002e3c       0x48 ./Drivers/STM32G0xx_HAL_Driver/Src/stm32g0xx_hal_cortex.o
 .text.HAL_NVIC_SetPriority
                0x0000000008002e84       0x2a ./Drivers/STM32G0xx_HAL_Driver/Src/stm32g0xx_hal_cortex.o
                0x0000000008002e84                HAL_NVIC_SetPriority
 .text.HAL_NVIC_EnableIRQ
                0x0000000008002eae       0x20 ./Drivers/STM32G0xx_HAL_Driver/Src/stm32g0xx_hal_cortex.o
                0x0000000008002eae                HAL_NVIC_EnableIRQ
 .text.HAL_SYSTICK_Config
                0x0000000008002ece       0x1a ./Drivers/STM32G0xx_HAL_Driver/Src/stm32g0xx_hal_cortex.o
                0x0000000008002ece                HAL_SYSTICK_Config
 .text.HAL_GPIO_Init
                0x0000000008002ee8      0x2d8 ./Drivers/STM32G0xx_HAL_Driver/Src/stm32g0xx_hal_gpio.o
                0x0000000008002ee8                HAL_GPIO_Init
 .text.HAL_GPIO_WritePin
                0x00000000080031c0       0x3a ./Drivers/STM32G0xx_HAL_Driver/Src/stm32g0xx_hal_gpio.o
                0x00000000080031c0                HAL_GPIO_WritePin
 *fill*         0x00000000080031fa        0x2 
 .text.HAL_PWREx_ControlVoltageScaling
                0x00000000080031fc       0x80 ./Drivers/STM32G0xx_HAL_Driver/Src/stm32g0xx_hal_pwr_ex.o
                0x00000000080031fc                HAL_PWREx_ControlVoltageScaling
 .text.HAL_RCC_OscConfig
                0x000000000800327c      0x6c0 ./Drivers/STM32G0xx_HAL_Driver/Src/stm32g0xx_hal_rcc.o
                0x000000000800327c                HAL_RCC_OscConfig
 .text.HAL_RCC_ClockConfig
                0x000000000800393c      0x210 ./Drivers/STM32G0xx_HAL_Driver/Src/stm32g0xx_hal_rcc.o
                0x000000000800393c                HAL_RCC_ClockConfig
 .text.HAL_RCC_GetSysClockFreq
                0x0000000008003b4c      0x104 ./Drivers/STM32G0xx_HAL_Driver/Src/stm32g0xx_hal_rcc.o
                0x0000000008003b4c                HAL_RCC_GetSysClockFreq
 .text.HAL_RCCEx_PeriphCLKConfig
                0x0000000008003c50      0x478 ./Drivers/STM32G0xx_HAL_Driver/Src/stm32g0xx_hal_rcc_ex.o
                0x0000000008003c50                HAL_RCCEx_PeriphCLKConfig
 .text.__errno  0x00000000080040c8        0xc c:/st/stm32cubeide_1.10.1/stm32cubeide/plugins/com.st.stm32cube.ide.mcu.externaltools.gnu-tools-for-stm32.10.3-2021.10.win32_1.0.0.202111181127/tools/bin/../lib/gcc/arm-none-eabi/10.3.1/../../../../arm-none-eabi/lib/thumb/v6-m/nofp\libc_nano.a(lib_a-errno.o)
                0x00000000080040c8                __errno
 .text.__libc_init_array
                0x00000000080040d4       0x48 c:/st/stm32cubeide_1.10.1/stm32cubeide/plugins/com.st.stm32cube.ide.mcu.externaltools.gnu-tools-for-stm32.10.3-2021.10.win32_1.0.0.202111181127/tools/bin/../lib/gcc/arm-none-eabi/10.3.1/../../../../arm-none-eabi/lib/thumb/v6-m/nofp\libc_nano.a(lib_a-init.o)
                0x00000000080040d4                __libc_init_array
 .text.memset   0x000000000800411c       0x10 c:/st/stm32cubeide_1.10.1/stm32cubeide/plugins/com.st.stm32cube.ide.mcu.externaltools.gnu-tools-for-stm32.10.3-2021.10.win32_1.0.0.202111181127/tools/bin/../lib/gcc/arm-none-eabi/10.3.1/../../../../arm-none-eabi/lib/thumb/v6-m/nofp\libc_nano.a(lib_a-memset.o)
                0x000000000800411c                memset
 .text.snprintf
                0x000000000800412c       0x68 c:/st/stm32cubeide_1.10.1/stm32cubeide/plugins/com.st.stm32cube.ide.mcu.externaltools.gnu-tools-for-stm32.10.3-2021.10.win32_1.0.0.202111181127/tools/bin/../lib/gcc/arm-none-eabi/10.3.1/../../../../arm-none-eabi/lib/thumb/v6-m/nofp\libc_nano.a(lib_a-snprintf.o)
                0x000000000800412c                sniprintf
                0x000000000800412c                snprintf
 .text.__ssputs_r
                0x0000000008004194       0xc4 c:/st/stm32cubeide_1.10.1/stm32cubeide/plugins/com.st.stm32cube.ide.mcu.externaltools.gnu-tools-for-stm32.10.3-2021.10.win32_1.0.0.202111181127/tools/bin/../lib/gcc/arm-none-eabi/10.3.1/../../../../arm-none-eabi/lib/thumb/v6-m/nofp\libc_nano.a(lib_a-nano-svfprintf.o)
                0x0000000008004194                __ssputs_r
 .text._svfprintf_r
                0x0000000008004258      0x200 c:/st/stm32cubeide_1.10.1/stm32cubeide/plugins/com.st.stm32cube.ide.mcu.externaltools.gnu-tools-for-stm32.10.3-2021.10.win32_1.0.0.202111181127/tools/bin/../lib/gcc/arm-none-eabi/10.3.1/../../../../arm-none-eabi/lib/thumb/v6-m/nofp\libc_nano.a(lib_a-nano-svfprintf.o)
                0x0000000008004258                _svfiprintf_r
                0x0000000008004258                _svfprintf_r
 .text._printf_common
                0x0000000008004458       0xde c:/st/stm32cubeide_1.10.1/stm32cubeide/plugins/com.st.stm32cube.ide.mcu.externaltools.gnu-tools-for-stm32.10.3-2021.10.win32_1.0.0.202111181127/tools/bin/../lib/gcc/arm-none-eabi/10.3.1/../../../../arm-none-eabi/lib/thumb/v6-m/nofp\libc_nano.a(lib_a-nano-vfprintf_i.o)
                0x0000000008004458                _printf_common
 *fill*         0x0000000008004536        0x2 
 .text._printf_i
                0x0000000008004538      0x224 c:/st/stm32cubeide_1.10.1/stm32cubeide/plugins/com.st.stm32cube.ide.mcu.externaltools.gnu-tools-for-stm32.10.3-2021.10.win32_1.0.0.202111181127/tools/bin/../lib/gcc/arm-none-eabi/10.3.1/../../../../arm-none-eabi/lib/thumb/v6-m/nofp\libc_nano.a(lib_a-nano-vfprintf_i.o)
                0x0000000008004538                _printf_i
 .text.memchr   0x000000000800475c       0x16 c:/st/stm32cubeide_1.10.1/stm32cubeide/plugins/com.st.stm32cube.ide.mcu.externaltools.gnu-tools-for-stm32.10.3-2021.10.win32_1.0.0.202111181127/tools/bin/../lib/gcc/arm-none-eabi/10.3.1/../../../../arm-none-eabi/lib/thumb/v6-m/nofp\libc_nano.a(lib_a-memchr-stub.o)
                0x000000000800475c                memchr
 .text.memcpy   0x0000000008004772       0x12 c:/st/stm32cubeide_1.10.1/stm32cubeide/plugins/com.st.stm32cube.ide.mcu.externaltools.gnu-tools-for-stm32.10.3-2021.10.win32_1.0.0.202111181127/tools/bin/../lib/gcc/arm-none-eabi/10.3.1/../../../../arm-none-eabi/lib/thumb/v6-m/nofp\libc_nano.a(lib_a-memcpy-stub.o)
                0x0000000008004772                memcpy
 .text.memmove  0x0000000008004784       0x26 c:/st/stm32cubeide_1.10.1/stm32cubeide/plugins/com.st.stm32cube.ide.mcu.externaltools.gnu-tools-for-stm32.10.3-2021.10.win32_1.0.0.202111181127/tools/bin/../lib/gcc/arm-none-eabi/10.3.1/../../../../arm-none-eabi/lib/thumb/v6-m/nofp\libc_nano.a(lib_a-memmove.o)
                0x0000000008004784                memmove
 *fill*         0x00000000080047aa        0x2 
 .text._free_r  0x00000000080047ac       0x94 c:/st/stm32cubeide_1.10.1/stm32cubeide/plugins/com.st.stm32cube.ide.mcu.externaltools.gnu-tools-for-stm32.10.3-2021.10.win32_1.0.0.202111181127/tools/bin/../lib/gcc/arm-none-eabi/10.3.1/../../../../arm-none-eabi/lib/thumb/v6-m/nofp\libc_nano.a(lib_a-nano-freer.o)
                0x00000000080047ac                _free_r
 .text.sbrk_aligned
                0x0000000008004840       0x44 c:/st/stm32cubeide_1.10.1/stm32cubeide/plugins/com.st.stm32cube.ide.mcu.externaltools.gnu-tools-for-stm32.10.3-2021.10.win32_1.0.0.202111181127/tools/bin/../lib/gcc/arm-none-eabi/10.3.1/../../../../arm-none-eabi/lib/thumb/v6-m/nofp\libc_nano.a(lib_a-nano-mallocr.o)
 .text._malloc_r
                0x0000000008004884       0xec c:/st/stm32cubeide_1.10.1/stm32cubeide/plugins/com.st.stm32cube.ide.mcu.externaltools.gnu-tools-for-stm32.10.3-2021.10.win32_1.0.0.202111181127/tools/bin/../lib/gcc/arm-none-eabi/10.3.1/../../../../arm-none-eabi/lib/thumb/v6-m/nofp\libc_nano.a(lib_a-nano-mallocr.o)
                0x0000000008004884                _malloc_r
 .text._realloc_r
                0x0000000008004970       0x5e c:/st/stm32cubeide_1.10.1/stm32cubeide/plugins/com.st.stm32cube.ide.mcu.externaltools.gnu-tools-for-stm32.10.3-2021.10.win32_1.0.0.202111181127/tools/bin/../lib/gcc/arm-none-eabi/10.3.1/../../../../arm-none-eabi/lib/thumb/v6-m/nofp\libc_nano.a(lib_a-nano-reallocr.o)
                0x0000000008004970                _realloc_r
 *fill*         0x00000000080049ce        0x2 
 .text._sbrk_r  0x00000000080049d0       0x24 c:/st/stm32cubeide_1.10.1/stm32cubeide/plugins/com.st.stm32cube.ide.mcu.externaltools.gnu-tools-for-stm32.10.3-2021.10.win32_1.0.0.202111181127/tools/bin/../lib/gcc/arm-none-eabi/10.3.1/../../../../arm-none-eabi/lib/thumb/v6-m/nofp\libc_nano.a(lib_a-sbrkr.o)
                0x00000000080049d0                _sbrk_r
 .text.__malloc_lock
                0x00000000080049f4       0x10 c:/st/stm32cubeide_1.10.1/stm32cubeide/plugins/com.st.stm32cube.ide.mcu.externaltools.gnu-tools-for-stm32.10.3-2021.10.win32_1.0.0.202111181127/tools/bin/../lib/gcc/arm-none-eabi/10.3.1/../../../../arm-none-eabi/lib/thumb/v6-m/nofp\libc_nano.a(lib_a-mlock.o)
                0x00000000080049f4                __malloc_lock
 .text.__malloc_unlock
                0x0000000008004a04       0x10 c:/st/stm32cubeide_1.10.1/stm32cubeide/plugins/com.st.stm32cube.ide.mcu.externaltools.gnu-tools-for-stm32.10.3-2021.10.win32_1.0.0.202111181127/tools/bin/../lib/gcc/arm-none-eabi/10.3.1/../../../../arm-none-eabi/lib/thumb/v6-m/nofp\libc_nano.a(lib_a-mlock.o)
                0x0000000008004a04                __malloc_unlock
 .text._malloc_usable_size_r
                0x0000000008004a14       0x10 c:/st/stm32cubeide_1.10.1/stm32cubeide/plugins/com.st.stm32cube.ide.mcu.externaltools.gnu-tools-for-stm32.10.3-2021.10.win32_1.0.0.202111181127/tools/bin/../lib/gcc/arm-none-eabi/10.3.1/../../../../arm-none-eabi/lib/thumb/v6-m/nofp\libc_nano.a(lib_a-nano-msizer.o)
                0x0000000008004a14                _malloc_usable_size_r
 .text.__retarget_lock_acquire_recursive
                0x0000000008004a24        0x2 c:/st/stm32cubeide_1.10.1/stm32cubeide/plugins/com.st.stm32cube.ide.mcu.externaltools.gnu-tools-for-stm32.10.3-2021.10.win32_1.0.0.202111181127/tools/bin/../lib/gcc/arm-none-eabi/10.3.1/../../../../arm-none-eabi/lib/thumb/v6-m/nofp\libc_nano.a(lib_a-lock.o)
                0x0000000008004a24                __retarget_lock_acquire_recursive
 .text.__retarget_lock_release_recursive
                0x0000000008004a26        0x2 c:/st/stm32cubeide_1.10.1/stm32cubeide/plugins/com.st.stm32cube.ide.mcu.externaltools.gnu-tools-for-stm32.10.3-2021.10.win32_1.0.0.202111181127/tools/bin/../lib/gcc/arm-none-eabi/10.3.1/../../../../arm-none-eabi/lib/thumb/v6-m/nofp\libc_nano.a(lib_a-lock.o)
                0x0000000008004a26                __retarget_lock_release_recursive
 *(.glue_7)
 .glue_7        0x0000000008004a28        0x0 linker stubs
 *(.glue_7t)
 .glue_7t       0x0000000008004a28        0x0 linker stubs
 *(.eh_frame)
 .eh_frame      0x0000000008004a28        0x0 c:/st/stm32cubeide_1.10.1/stm32cubeide/plugins/com.st.stm32cube.ide.mcu.externaltools.gnu-tools-for-stm32.10.3-2021.10.win32_1.0.0.202111181127/tools/bin/../lib/gcc/arm-none-eabi/10.3.1/thumb/v6-m/nofp/crtbegin.o
 *(.init)
 .init          0x0000000008004a28        0x4 c:/st/stm32cubeide_1.10.1/stm32cubeide/plugins/com.st.stm32cube.ide.mcu.externaltools.gnu-tools-for-stm32.10.3-2021.10.win32_1.0.0.202111181127/tools/bin/../lib/gcc/arm-none-eabi/10.3.1/thumb/v6-m/nofp/crti.o
                0x0000000008004a28                _init
 .init          0x0000000008004a2c        0x8 c:/st/stm32cubeide_1.10.1/stm32cubeide/plugins/com.st.stm32cube.ide.mcu.externaltools.gnu-tools-for-stm32.10.3-2021.10.win32_1.0.0.202111181127/tools/bin/../lib/gcc/arm-none-eabi/10.3.1/thumb/v6-m/nofp/crtn.o
 *(.fini)
 .fini          0x0000000008004a34        0x4 c:/st/stm32cubeide_1.10.1/stm32cubeide/plugins/com.st.stm32cube.ide.mcu.externaltools.gnu-tools-for-stm32.10.3-2021.10.win32_1.0.0.202111181127/tools/bin/../lib/gcc/arm-none-eabi/10.3.1/thumb/v6-m/nofp/crti.o
                0x0000000008004a34                _fini
 .fini          0x0000000008004a38        0x8 c:/st/stm32cubeide_1.10.1/stm32cubeide/plugins/com.st.stm32cube.ide.mcu.externaltools.gnu-tools-for-stm32.10.3-2021.10.win32_1.0.0.202111181127/tools/bin/../lib/gcc/arm-none-eabi/10.3.1/thumb/v6-m/nofp/crtn.o
                0x0000000008004a40                . = ALIGN (0x4)
                0x0000000008004a40                _etext = .

.vfp11_veneer   0x0000000008004a40        0x0
 .vfp11_veneer  0x0000000008004a40        0x0 linker stubs

.v4_bx          0x0000000008004a40        0x0
 .v4_bx         0x0000000008004a40        0x0 linker stubs

.iplt           0x0000000008004a40        0x0
 .iplt          0x0000000008004a40        0x0 c:/st/stm32cubeide_1.10.1/stm32cubeide/plugins/com.st.stm32cube.ide.mcu.externaltools.gnu-tools-for-stm32.10.3-2021.10.win32_1.0.0.202111181127/tools/bin/../lib/gcc/arm-none-eabi/10.3.1/thumb/v6-m/nofp/crtbegin.o

.rodata         0x0000000008004a40       0xc8
                0x0000000008004a40                . = ALIGN (0x4)
 *(.rodata)
 .rodata        0x0000000008004a40       0x13 ./Core/Src/main.o
 *fill*         0x0000000008004a53        0x1 
 .rodata        0x0000000008004a54       0x40 c:/st/stm32cubeide_1.10.1/stm32cubeide/plugins/com.st.stm32cube.ide.mcu.externaltools.gnu-tools-for-stm32.10.3-2021.10.win32_1.0.0.202111181127/tools/bin/../lib/gcc/arm-none-eabi/10.3.1/thumb/v6-m/nofp\libgcc.a(muldf3.o)
 *(.rodata*)
 .rodata.AHBPrescTable
                0x0000000008004a94       0x40 ./Core/Src/system_stm32g0xx.o
                0x0000000008004a94                AHBPrescTable
 .rodata._svfprintf_r.str1.1
                0x0000000008004ad4       0x11 c:/st/stm32cubeide_1.10.1/stm32cubeide/plugins/com.st.stm32cube.ide.mcu.externaltools.gnu-tools-for-stm32.10.3-2021.10.win32_1.0.0.202111181127/tools/bin/../lib/gcc/arm-none-eabi/10.3.1/../../../../arm-none-eabi/lib/thumb/v6-m/nofp\libc_nano.a(lib_a-nano-svfprintf.o)
 .rodata._printf_i.str1.1
                0x0000000008004ae5       0x22 c:/st/stm32cubeide_1.10.1/stm32cubeide/plugins/com.st.stm32cube.ide.mcu.externaltools.gnu-tools-for-stm32.10.3-2021.10.win32_1.0.0.202111181127/tools/bin/../lib/gcc/arm-none-eabi/10.3.1/../../../../arm-none-eabi/lib/thumb/v6-m/nofp\libc_nano.a(lib_a-nano-vfprintf_i.o)
                0x0000000008004b08                . = ALIGN (0x4)
 *fill*         0x0000000008004b07        0x1 

.rel.dyn        0x0000000008004b08        0x0
 .rel.iplt      0x0000000008004b08        0x0 c:/st/stm32cubeide_1.10.1/stm32cubeide/plugins/com.st.stm32cube.ide.mcu.externaltools.gnu-tools-for-stm32.10.3-2021.10.win32_1.0.0.202111181127/tools/bin/../lib/gcc/arm-none-eabi/10.3.1/thumb/v6-m/nofp/crtbegin.o

.ARM.extab      0x0000000008004b08        0x0
                0x0000000008004b08                . = ALIGN (0x4)
 *(.ARM.extab* .gnu.linkonce.armextab.*)
                0x0000000008004b08                . = ALIGN (0x4)

.ARM            0x0000000008004b08        0x0
                0x0000000008004b08                . = ALIGN (0x4)
                0x0000000008004b08                __exidx_start = .
 *(.ARM.exidx*)
                0x0000000008004b08                __exidx_end = .
                0x0000000008004b08                . = ALIGN (0x4)

.preinit_array  0x0000000008004b08        0x0
                0x0000000008004b08                . = ALIGN (0x4)
                0x0000000008004b08                PROVIDE (__preinit_array_start = .)
 *(.preinit_array*)
                0x0000000008004b08                PROVIDE (__preinit_array_end = .)
                0x0000000008004b08                . = ALIGN (0x4)

.init_array     0x0000000008004b08        0x4
                0x0000000008004b08                . = ALIGN (0x4)
                0x0000000008004b08                PROVIDE (__init_array_start = .)
 *(SORT_BY_NAME(.init_array.*))
 *(.init_array*)
 .init_array    0x0000000008004b08        0x4 c:/st/stm32cubeide_1.10.1/stm32cubeide/plugins/com.st.stm32cube.ide.mcu.externaltools.gnu-tools-for-stm32.10.3-2021.10.win32_1.0.0.202111181127/tools/bin/../lib/gcc/arm-none-eabi/10.3.1/thumb/v6-m/nofp/crtbegin.o
                0x0000000008004b0c                PROVIDE (__init_array_end = .)
                0x0000000008004b0c                . = ALIGN (0x4)

.fini_array     0x0000000008004b0c        0x4
                0x0000000008004b0c                . = ALIGN (0x4)
                [!provide]                        PROVIDE (__fini_array_start = .)
 *(SORT_BY_NAME(.fini_array.*))
 *(.fini_array*)
 .fini_array    0x0000000008004b0c        0x4 c:/st/stm32cubeide_1.10.1/stm32cubeide/plugins/com.st.stm32cube.ide.mcu.externaltools.gnu-tools-for-stm32.10.3-2021.10.win32_1.0.0.202111181127/tools/bin/../lib/gcc/arm-none-eabi/10.3.1/thumb/v6-m/nofp/crtbegin.o
                [!provide]                        PROVIDE (__fini_array_end = .)
                0x0000000008004b10                . = ALIGN (0x4)
                0x0000000008004b10                _sidata = LOADADDR (.data)

.data           0x0000000020000000       0x78 load address 0x0000000008004b10
                0x0000000020000000                . = ALIGN (0x4)
                0x0000000020000000                _sdata = .
 *(.data)
 *(.data*)
 .data.str1     0x0000000020000000        0x4 ./Core/Src/main.o
                0x0000000020000000                str1
 .data.str2     0x0000000020000004        0x4 ./Core/Src/main.o
                0x0000000020000004                str2
 .data.SystemCoreClock
                0x0000000020000008        0x4 ./Core/Src/system_stm32g0xx.o
                0x0000000020000008                SystemCoreClock
 .data.uwTickPrio
                0x000000002000000c        0x4 ./Drivers/STM32G0xx_HAL_Driver/Src/stm32g0xx_hal.o
                0x000000002000000c                uwTickPrio
 .data.uwTickFreq
                0x0000000020000010        0x1 ./Drivers/STM32G0xx_HAL_Driver/Src/stm32g0xx_hal.o
                0x0000000020000010                uwTickFreq
 *fill*         0x0000000020000011        0x3 
 .data._impure_ptr
                0x0000000020000014        0x4 c:/st/stm32cubeide_1.10.1/stm32cubeide/plugins/com.st.stm32cube.ide.mcu.externaltools.gnu-tools-for-stm32.10.3-2021.10.win32_1.0.0.202111181127/tools/bin/../lib/gcc/arm-none-eabi/10.3.1/../../../../arm-none-eabi/lib/thumb/v6-m/nofp\libc_nano.a(lib_a-impure.o)
                0x0000000020000014                _impure_ptr
 .data.impure_data
                0x0000000020000018       0x60 c:/st/stm32cubeide_1.10.1/stm32cubeide/plugins/com.st.stm32cube.ide.mcu.externaltools.gnu-tools-for-stm32.10.3-2021.10.win32_1.0.0.202111181127/tools/bin/../lib/gcc/arm-none-eabi/10.3.1/../../../../arm-none-eabi/lib/thumb/v6-m/nofp\libc_nano.a(lib_a-impure.o)
 *(.RamFunc)
 *(.RamFunc*)
                0x0000000020000078                . = ALIGN (0x4)
                0x0000000020000078                _edata = .

.igot.plt       0x0000000020000078        0x0 load address 0x0000000008004b88
 .igot.plt      0x0000000020000078        0x0 c:/st/stm32cubeide_1.10.1/stm32cubeide/plugins/com.st.stm32cube.ide.mcu.externaltools.gnu-tools-for-stm32.10.3-2021.10.win32_1.0.0.202111181127/tools/bin/../lib/gcc/arm-none-eabi/10.3.1/thumb/v6-m/nofp/crtbegin.o
                0x0000000020000078                . = ALIGN (0x4)

.bss            0x0000000020000078       0xb0 load address 0x0000000008004b88
                0x0000000020000078                _sbss = .
                0x0000000020000078                __bss_start__ = _sbss
 *(.bss)
 .bss           0x0000000020000078       0x1c c:/st/stm32cubeide_1.10.1/stm32cubeide/plugins/com.st.stm32cube.ide.mcu.externaltools.gnu-tools-for-stm32.10.3-2021.10.win32_1.0.0.202111181127/tools/bin/../lib/gcc/arm-none-eabi/10.3.1/thumb/v6-m/nofp/crtbegin.o
 *(.bss*)
 .bss.hadc1     0x0000000020000094       0x64 ./Core/Src/main.o
                0x0000000020000094                hadc1
 .bss.adc_value
                0x00000000200000f8        0x2 ./Core/Src/main.o
                0x00000000200000f8                adc_value
 .bss.voltage   0x00000000200000fa        0x2 ./Core/Src/main.o
                0x00000000200000fa                voltage
 .bss.str       0x00000000200000fc        0x4 ./Core/Src/main.o
                0x00000000200000fc                str
 .bss.buffer    0x0000000020000100       0x10 ./Core/Src/main.o
                0x0000000020000100                buffer
 .bss.__sbrk_heap_end
                0x0000000020000110        0x4 ./Core/Src/sysmem.o
 .bss.uwTick    0x0000000020000114        0x4 ./Drivers/STM32G0xx_HAL_Driver/Src/stm32g0xx_hal.o
                0x0000000020000114                uwTick
 .bss.__malloc_free_list
                0x0000000020000118        0x4 c:/st/stm32cubeide_1.10.1/stm32cubeide/plugins/com.st.stm32cube.ide.mcu.externaltools.gnu-tools-for-stm32.10.3-2021.10.win32_1.0.0.202111181127/tools/bin/../lib/gcc/arm-none-eabi/10.3.1/../../../../arm-none-eabi/lib/thumb/v6-m/nofp\libc_nano.a(lib_a-nano-mallocr.o)
                0x0000000020000118                __malloc_free_list
 .bss.__malloc_sbrk_start
                0x000000002000011c        0x4 c:/st/stm32cubeide_1.10.1/stm32cubeide/plugins/com.st.stm32cube.ide.mcu.externaltools.gnu-tools-for-stm32.10.3-2021.10.win32_1.0.0.202111181127/tools/bin/../lib/gcc/arm-none-eabi/10.3.1/../../../../arm-none-eabi/lib/thumb/v6-m/nofp\libc_nano.a(lib_a-nano-mallocr.o)
                0x000000002000011c                __malloc_sbrk_start
 .bss.errno     0x0000000020000120        0x4 c:/st/stm32cubeide_1.10.1/stm32cubeide/plugins/com.st.stm32cube.ide.mcu.externaltools.gnu-tools-for-stm32.10.3-2021.10.win32_1.0.0.202111181127/tools/bin/../lib/gcc/arm-none-eabi/10.3.1/../../../../arm-none-eabi/lib/thumb/v6-m/nofp\libc_nano.a(lib_a-reent.o)
                0x0000000020000120                errno
 .bss.__lock___malloc_recursive_mutex
                0x0000000020000124        0x1 c:/st/stm32cubeide_1.10.1/stm32cubeide/plugins/com.st.stm32cube.ide.mcu.externaltools.gnu-tools-for-stm32.10.3-2021.10.win32_1.0.0.202111181127/tools/bin/../lib/gcc/arm-none-eabi/10.3.1/../../../../arm-none-eabi/lib/thumb/v6-m/nofp\libc_nano.a(lib_a-lock.o)
                0x0000000020000124                __lock___malloc_recursive_mutex
 *(COMMON)
                0x0000000020000128                . = ALIGN (0x4)
 *fill*         0x0000000020000125        0x3 
                0x0000000020000128                _ebss = .
                0x0000000020000128                __bss_end__ = _ebss

._user_heap_stack
                0x0000000020000128      0x600 load address 0x0000000008004b88
                0x0000000020000128                . = ALIGN (0x8)
                [!provide]                        PROVIDE (end = .)
                0x0000000020000128                PROVIDE (_end = .)
                0x0000000020000328                . = (. + _Min_Heap_Size)
 *fill*         0x0000000020000128      0x200 
                0x0000000020000728                . = (. + _Min_Stack_Size)
 *fill*         0x0000000020000328      0x400 
                0x0000000020000728                . = ALIGN (0x8)

/DISCARD/
 libc.a(*)
 libm.a(*)
 libgcc.a(*)

.ARM.attributes
                0x0000000000000000       0x28
 *(.ARM.attributes)
 .ARM.attributes
                0x0000000000000000       0x1e c:/st/stm32cubeide_1.10.1/stm32cubeide/plugins/com.st.stm32cube.ide.mcu.externaltools.gnu-tools-for-stm32.10.3-2021.10.win32_1.0.0.202111181127/tools/bin/../lib/gcc/arm-none-eabi/10.3.1/thumb/v6-m/nofp/crti.o
 .ARM.attributes
                0x000000000000001e       0x2c c:/st/stm32cubeide_1.10.1/stm32cubeide/plugins/com.st.stm32cube.ide.mcu.externaltools.gnu-tools-for-stm32.10.3-2021.10.win32_1.0.0.202111181127/tools/bin/../lib/gcc/arm-none-eabi/10.3.1/thumb/v6-m/nofp/crtbegin.o
 .ARM.attributes
                0x000000000000004a       0x2c ./Core/Src/lcd_txt.o
 .ARM.attributes
                0x0000000000000076       0x2c ./Core/Src/main.o
 .ARM.attributes
                0x00000000000000a2       0x2c ./Core/Src/stm32g0xx_hal_msp.o
 .ARM.attributes
                0x00000000000000ce       0x2c ./Core/Src/stm32g0xx_it.o
 .ARM.attributes
                0x00000000000000fa       0x2c ./Core/Src/sysmem.o
 .ARM.attributes
                0x0000000000000126       0x2c ./Core/Src/system_stm32g0xx.o
 .ARM.attributes
                0x0000000000000152       0x22 ./Core/Startup/startup_stm32g0b1ceuxn.o
 .ARM.attributes
                0x0000000000000174       0x2c ./Drivers/STM32G0xx_HAL_Driver/Src/stm32g0xx_hal.o
 .ARM.attributes
                0x00000000000001a0       0x2c ./Drivers/STM32G0xx_HAL_Driver/Src/stm32g0xx_hal_adc.o
 .ARM.attributes
                0x00000000000001cc       0x2c ./Drivers/STM32G0xx_HAL_Driver/Src/stm32g0xx_hal_adc_ex.o
 .ARM.attributes
                0x00000000000001f8       0x2c ./Drivers/STM32G0xx_HAL_Driver/Src/stm32g0xx_hal_cortex.o
 .ARM.attributes
                0x0000000000000224       0x2c ./Drivers/STM32G0xx_HAL_Driver/Src/stm32g0xx_hal_gpio.o
 .ARM.attributes
                0x0000000000000250       0x2c ./Drivers/STM32G0xx_HAL_Driver/Src/stm32g0xx_hal_pwr_ex.o
 .ARM.attributes
                0x000000000000027c       0x2c ./Drivers/STM32G0xx_HAL_Driver/Src/stm32g0xx_hal_rcc.o
 .ARM.attributes
                0x00000000000002a8       0x2c ./Drivers/STM32G0xx_HAL_Driver/Src/stm32g0xx_hal_rcc_ex.o
 .ARM.attributes
                0x00000000000002d4       0x2c c:/st/stm32cubeide_1.10.1/stm32cubeide/plugins/com.st.stm32cube.ide.mcu.externaltools.gnu-tools-for-stm32.10.3-2021.10.win32_1.0.0.202111181127/tools/bin/../lib/gcc/arm-none-eabi/10.3.1/../../../../arm-none-eabi/lib/thumb/v6-m/nofp\libc_nano.a(lib_a-errno.o)
 .ARM.attributes
                0x0000000000000300       0x2c c:/st/stm32cubeide_1.10.1/stm32cubeide/plugins/com.st.stm32cube.ide.mcu.externaltools.gnu-tools-for-stm32.10.3-2021.10.win32_1.0.0.202111181127/tools/bin/../lib/gcc/arm-none-eabi/10.3.1/../../../../arm-none-eabi/lib/thumb/v6-m/nofp\libc_nano.a(lib_a-impure.o)
 .ARM.attributes
                0x000000000000032c       0x2c c:/st/stm32cubeide_1.10.1/stm32cubeide/plugins/com.st.stm32cube.ide.mcu.externaltools.gnu-tools-for-stm32.10.3-2021.10.win32_1.0.0.202111181127/tools/bin/../lib/gcc/arm-none-eabi/10.3.1/../../../../arm-none-eabi/lib/thumb/v6-m/nofp\libc_nano.a(lib_a-init.o)
 .ARM.attributes
                0x0000000000000358       0x2c c:/st/stm32cubeide_1.10.1/stm32cubeide/plugins/com.st.stm32cube.ide.mcu.externaltools.gnu-tools-for-stm32.10.3-2021.10.win32_1.0.0.202111181127/tools/bin/../lib/gcc/arm-none-eabi/10.3.1/../../../../arm-none-eabi/lib/thumb/v6-m/nofp\libc_nano.a(lib_a-memset.o)
 .ARM.attributes
                0x0000000000000384       0x2c c:/st/stm32cubeide_1.10.1/stm32cubeide/plugins/com.st.stm32cube.ide.mcu.externaltools.gnu-tools-for-stm32.10.3-2021.10.win32_1.0.0.202111181127/tools/bin/../lib/gcc/arm-none-eabi/10.3.1/../../../../arm-none-eabi/lib/thumb/v6-m/nofp\libc_nano.a(lib_a-snprintf.o)
 .ARM.attributes
                0x00000000000003b0       0x2c c:/st/stm32cubeide_1.10.1/stm32cubeide/plugins/com.st.stm32cube.ide.mcu.externaltools.gnu-tools-for-stm32.10.3-2021.10.win32_1.0.0.202111181127/tools/bin/../lib/gcc/arm-none-eabi/10.3.1/../../../../arm-none-eabi/lib/thumb/v6-m/nofp\libc_nano.a(lib_a-nano-svfprintf.o)
 .ARM.attributes
                0x00000000000003dc       0x2c c:/st/stm32cubeide_1.10.1/stm32cubeide/plugins/com.st.stm32cube.ide.mcu.externaltools.gnu-tools-for-stm32.10.3-2021.10.win32_1.0.0.202111181127/tools/bin/../lib/gcc/arm-none-eabi/10.3.1/../../../../arm-none-eabi/lib/thumb/v6-m/nofp\libc_nano.a(lib_a-nano-vfprintf_i.o)
 .ARM.attributes
                0x0000000000000408       0x2c c:/st/stm32cubeide_1.10.1/stm32cubeide/plugins/com.st.stm32cube.ide.mcu.externaltools.gnu-tools-for-stm32.10.3-2021.10.win32_1.0.0.202111181127/tools/bin/../lib/gcc/arm-none-eabi/10.3.1/../../../../arm-none-eabi/lib/thumb/v6-m/nofp\libc_nano.a(lib_a-memchr-stub.o)
 .ARM.attributes
                0x0000000000000434       0x2c c:/st/stm32cubeide_1.10.1/stm32cubeide/plugins/com.st.stm32cube.ide.mcu.externaltools.gnu-tools-for-stm32.10.3-2021.10.win32_1.0.0.202111181127/tools/bin/../lib/gcc/arm-none-eabi/10.3.1/../../../../arm-none-eabi/lib/thumb/v6-m/nofp\libc_nano.a(lib_a-memcpy-stub.o)
 .ARM.attributes
                0x0000000000000460       0x2c c:/st/stm32cubeide_1.10.1/stm32cubeide/plugins/com.st.stm32cube.ide.mcu.externaltools.gnu-tools-for-stm32.10.3-2021.10.win32_1.0.0.202111181127/tools/bin/../lib/gcc/arm-none-eabi/10.3.1/../../../../arm-none-eabi/lib/thumb/v6-m/nofp\libc_nano.a(lib_a-memmove.o)
 .ARM.attributes
                0x000000000000048c       0x2c c:/st/stm32cubeide_1.10.1/stm32cubeide/plugins/com.st.stm32cube.ide.mcu.externaltools.gnu-tools-for-stm32.10.3-2021.10.win32_1.0.0.202111181127/tools/bin/../lib/gcc/arm-none-eabi/10.3.1/../../../../arm-none-eabi/lib/thumb/v6-m/nofp\libc_nano.a(lib_a-nano-freer.o)
 .ARM.attributes
                0x00000000000004b8       0x2c c:/st/stm32cubeide_1.10.1/stm32cubeide/plugins/com.st.stm32cube.ide.mcu.externaltools.gnu-tools-for-stm32.10.3-2021.10.win32_1.0.0.202111181127/tools/bin/../lib/gcc/arm-none-eabi/10.3.1/../../../../arm-none-eabi/lib/thumb/v6-m/nofp\libc_nano.a(lib_a-nano-mallocr.o)
 .ARM.attributes
                0x00000000000004e4       0x2c c:/st/stm32cubeide_1.10.1/stm32cubeide/plugins/com.st.stm32cube.ide.mcu.externaltools.gnu-tools-for-stm32.10.3-2021.10.win32_1.0.0.202111181127/tools/bin/../lib/gcc/arm-none-eabi/10.3.1/../../../../arm-none-eabi/lib/thumb/v6-m/nofp\libc_nano.a(lib_a-nano-reallocr.o)
 .ARM.attributes
                0x0000000000000510       0x2c c:/st/stm32cubeide_1.10.1/stm32cubeide/plugins/com.st.stm32cube.ide.mcu.externaltools.gnu-tools-for-stm32.10.3-2021.10.win32_1.0.0.202111181127/tools/bin/../lib/gcc/arm-none-eabi/10.3.1/../../../../arm-none-eabi/lib/thumb/v6-m/nofp\libc_nano.a(lib_a-sbrkr.o)
 .ARM.attributes
                0x000000000000053c       0x2c c:/st/stm32cubeide_1.10.1/stm32cubeide/plugins/com.st.stm32cube.ide.mcu.externaltools.gnu-tools-for-stm32.10.3-2021.10.win32_1.0.0.202111181127/tools/bin/../lib/gcc/arm-none-eabi/10.3.1/../../../../arm-none-eabi/lib/thumb/v6-m/nofp\libc_nano.a(lib_a-mlock.o)
 .ARM.attributes
                0x0000000000000568       0x2c c:/st/stm32cubeide_1.10.1/stm32cubeide/plugins/com.st.stm32cube.ide.mcu.externaltools.gnu-tools-for-stm32.10.3-2021.10.win32_1.0.0.202111181127/tools/bin/../lib/gcc/arm-none-eabi/10.3.1/../../../../arm-none-eabi/lib/thumb/v6-m/nofp\libc_nano.a(lib_a-nano-msizer.o)
 .ARM.attributes
                0x0000000000000594       0x2c c:/st/stm32cubeide_1.10.1/stm32cubeide/plugins/com.st.stm32cube.ide.mcu.externaltools.gnu-tools-for-stm32.10.3-2021.10.win32_1.0.0.202111181127/tools/bin/../lib/gcc/arm-none-eabi/10.3.1/../../../../arm-none-eabi/lib/thumb/v6-m/nofp\libc_nano.a(lib_a-reent.o)
 .ARM.attributes
                0x00000000000005c0       0x2c c:/st/stm32cubeide_1.10.1/stm32cubeide/plugins/com.st.stm32cube.ide.mcu.externaltools.gnu-tools-for-stm32.10.3-2021.10.win32_1.0.0.202111181127/tools/bin/../lib/gcc/arm-none-eabi/10.3.1/../../../../arm-none-eabi/lib/thumb/v6-m/nofp\libc_nano.a(lib_a-lock.o)
 .ARM.attributes
                0x00000000000005ec       0x1e c:/st/stm32cubeide_1.10.1/stm32cubeide/plugins/com.st.stm32cube.ide.mcu.externaltools.gnu-tools-for-stm32.10.3-2021.10.win32_1.0.0.202111181127/tools/bin/../lib/gcc/arm-none-eabi/10.3.1/thumb/v6-m/nofp\libgcc.a(_thumb1_case_shi.o)
 .ARM.attributes
                0x000000000000060a       0x1e c:/st/stm32cubeide_1.10.1/stm32cubeide/plugins/com.st.stm32cube.ide.mcu.externaltools.gnu-tools-for-stm32.10.3-2021.10.win32_1.0.0.202111181127/tools/bin/../lib/gcc/arm-none-eabi/10.3.1/thumb/v6-m/nofp\libgcc.a(_udivsi3.o)
 .ARM.attributes
                0x0000000000000628       0x1e c:/st/stm32cubeide_1.10.1/stm32cubeide/plugins/com.st.stm32cube.ide.mcu.externaltools.gnu-tools-for-stm32.10.3-2021.10.win32_1.0.0.202111181127/tools/bin/../lib/gcc/arm-none-eabi/10.3.1/thumb/v6-m/nofp\libgcc.a(_dvmd_tls.o)
 .ARM.attributes
                0x0000000000000646       0x2c c:/st/stm32cubeide_1.10.1/stm32cubeide/plugins/com.st.stm32cube.ide.mcu.externaltools.gnu-tools-for-stm32.10.3-2021.10.win32_1.0.0.202111181127/tools/bin/../lib/gcc/arm-none-eabi/10.3.1/thumb/v6-m/nofp\libgcc.a(_fixunsdfsi.o)
 .ARM.attributes
                0x0000000000000672       0x2c c:/st/stm32cubeide_1.10.1/stm32cubeide/plugins/com.st.stm32cube.ide.mcu.externaltools.gnu-tools-for-stm32.10.3-2021.10.win32_1.0.0.202111181127/tools/bin/../lib/gcc/arm-none-eabi/10.3.1/thumb/v6-m/nofp\libgcc.a(muldf3.o)
 .ARM.attributes
                0x000000000000069e       0x2c c:/st/stm32cubeide_1.10.1/stm32cubeide/plugins/com.st.stm32cube.ide.mcu.externaltools.gnu-tools-for-stm32.10.3-2021.10.win32_1.0.0.202111181127/tools/bin/../lib/gcc/arm-none-eabi/10.3.1/thumb/v6-m/nofp\libgcc.a(subdf3.o)
 .ARM.attributes
                0x00000000000006ca       0x2c c:/st/stm32cubeide_1.10.1/stm32cubeide/plugins/com.st.stm32cube.ide.mcu.externaltools.gnu-tools-for-stm32.10.3-2021.10.win32_1.0.0.202111181127/tools/bin/../lib/gcc/arm-none-eabi/10.3.1/thumb/v6-m/nofp\libgcc.a(fixdfsi.o)
 .ARM.attributes
                0x00000000000006f6       0x2c c:/st/stm32cubeide_1.10.1/stm32cubeide/plugins/com.st.stm32cube.ide.mcu.externaltools.gnu-tools-for-stm32.10.3-2021.10.win32_1.0.0.202111181127/tools/bin/../lib/gcc/arm-none-eabi/10.3.1/thumb/v6-m/nofp\libgcc.a(floatsidf.o)
 .ARM.attributes
                0x0000000000000722       0x1e c:/st/stm32cubeide_1.10.1/stm32cubeide/plugins/com.st.stm32cube.ide.mcu.externaltools.gnu-tools-for-stm32.10.3-2021.10.win32_1.0.0.202111181127/tools/bin/../lib/gcc/arm-none-eabi/10.3.1/thumb/v6-m/nofp\libgcc.a(_arm_cmpdf2.o)
 .ARM.attributes
                0x0000000000000740       0x1e c:/st/stm32cubeide_1.10.1/stm32cubeide/plugins/com.st.stm32cube.ide.mcu.externaltools.gnu-tools-for-stm32.10.3-2021.10.win32_1.0.0.202111181127/tools/bin/../lib/gcc/arm-none-eabi/10.3.1/thumb/v6-m/nofp\libgcc.a(_clzsi2.o)
 .ARM.attributes
                0x000000000000075e       0x2c c:/st/stm32cubeide_1.10.1/stm32cubeide/plugins/com.st.stm32cube.ide.mcu.externaltools.gnu-tools-for-stm32.10.3-2021.10.win32_1.0.0.202111181127/tools/bin/../lib/gcc/arm-none-eabi/10.3.1/thumb/v6-m/nofp\libgcc.a(eqdf2.o)
 .ARM.attributes
                0x000000000000078a       0x2c c:/st/stm32cubeide_1.10.1/stm32cubeide/plugins/com.st.stm32cube.ide.mcu.externaltools.gnu-tools-for-stm32.10.3-2021.10.win32_1.0.0.202111181127/tools/bin/../lib/gcc/arm-none-eabi/10.3.1/thumb/v6-m/nofp\libgcc.a(gedf2.o)
 .ARM.attributes
                0x00000000000007b6       0x2c c:/st/stm32cubeide_1.10.1/stm32cubeide/plugins/com.st.stm32cube.ide.mcu.externaltools.gnu-tools-for-stm32.10.3-2021.10.win32_1.0.0.202111181127/tools/bin/../lib/gcc/arm-none-eabi/10.3.1/thumb/v6-m/nofp\libgcc.a(ledf2.o)
 .ARM.attributes
                0x00000000000007e2       0x1e c:/st/stm32cubeide_1.10.1/stm32cubeide/plugins/com.st.stm32cube.ide.mcu.externaltools.gnu-tools-for-stm32.10.3-2021.10.win32_1.0.0.202111181127/tools/bin/../lib/gcc/arm-none-eabi/10.3.1/thumb/v6-m/nofp/crtn.o
OUTPUT(s6_ex4.elf elf32-littlearm)
LOAD linker stubs
LOAD c:/st/stm32cubeide_1.10.1/stm32cubeide/plugins/com.st.stm32cube.ide.mcu.externaltools.gnu-tools-for-stm32.10.3-2021.10.win32_1.0.0.202111181127/tools/bin/../lib/gcc/arm-none-eabi/10.3.1/../../../../arm-none-eabi/lib/thumb/v6-m/nofp\libc.a
LOAD c:/st/stm32cubeide_1.10.1/stm32cubeide/plugins/com.st.stm32cube.ide.mcu.externaltools.gnu-tools-for-stm32.10.3-2021.10.win32_1.0.0.202111181127/tools/bin/../lib/gcc/arm-none-eabi/10.3.1/../../../../arm-none-eabi/lib/thumb/v6-m/nofp\libm.a
LOAD c:/st/stm32cubeide_1.10.1/stm32cubeide/plugins/com.st.stm32cube.ide.mcu.externaltools.gnu-tools-for-stm32.10.3-2021.10.win32_1.0.0.202111181127/tools/bin/../lib/gcc/arm-none-eabi/10.3.1/thumb/v6-m/nofp\libgcc.a

.debug_info     0x0000000000000000     0x88fc
 .debug_info    0x0000000000000000      0x2bd ./Core/Src/lcd_txt.o
 .debug_info    0x00000000000002bd      0xf79 ./Core/Src/main.o
 .debug_info    0x0000000000001236      0xdc8 ./Core/Src/stm32g0xx_hal_msp.o
 .debug_info    0x0000000000001ffe      0x7fe ./Core/Src/stm32g0xx_it.o
 .debug_info    0x00000000000027fc      0x171 ./Core/Src/sysmem.o
 .debug_info    0x000000000000296d      0x34d ./Core/Src/system_stm32g0xx.o
 .debug_info    0x0000000000002cba       0x22 ./Core/Startup/startup_stm32g0b1ceuxn.o
 .debug_info    0x0000000000002cdc      0xb4d ./Drivers/STM32G0xx_HAL_Driver/Src/stm32g0xx_hal.o
 .debug_info    0x0000000000003829     0x165b ./Drivers/STM32G0xx_HAL_Driver/Src/stm32g0xx_hal_adc.o
 .debug_info    0x0000000000004e84      0xb26 ./Drivers/STM32G0xx_HAL_Driver/Src/stm32g0xx_hal_adc_ex.o
 .debug_info    0x00000000000059aa      0x90d ./Drivers/STM32G0xx_HAL_Driver/Src/stm32g0xx_hal_cortex.o
 .debug_info    0x00000000000062b7      0x647 ./Drivers/STM32G0xx_HAL_Driver/Src/stm32g0xx_hal_gpio.o
 .debug_info    0x00000000000068fe      0x90c ./Drivers/STM32G0xx_HAL_Driver/Src/stm32g0xx_hal_pwr_ex.o
 .debug_info    0x000000000000720a      0xc08 ./Drivers/STM32G0xx_HAL_Driver/Src/stm32g0xx_hal_rcc.o
 .debug_info    0x0000000000007e12      0xaea ./Drivers/STM32G0xx_HAL_Driver/Src/stm32g0xx_hal_rcc_ex.o

.debug_abbrev   0x0000000000000000     0x1be0
 .debug_abbrev  0x0000000000000000      0x146 ./Core/Src/lcd_txt.o
 .debug_abbrev  0x0000000000000146      0x28b ./Core/Src/main.o
 .debug_abbrev  0x00000000000003d1      0x1e3 ./Core/Src/stm32g0xx_hal_msp.o
 .debug_abbrev  0x00000000000005b4      0x19a ./Core/Src/stm32g0xx_it.o
 .debug_abbrev  0x000000000000074e       0xbb ./Core/Src/sysmem.o
 .debug_abbrev  0x0000000000000809      0x116 ./Core/Src/system_stm32g0xx.o
 .debug_abbrev  0x000000000000091f       0x12 ./Core/Startup/startup_stm32g0b1ceuxn.o
 .debug_abbrev  0x0000000000000931      0x278 ./Drivers/STM32G0xx_HAL_Driver/Src/stm32g0xx_hal.o
 .debug_abbrev  0x0000000000000ba9      0x27d ./Drivers/STM32G0xx_HAL_Driver/Src/stm32g0xx_hal_adc.o
 .debug_abbrev  0x0000000000000e26      0x24e ./Drivers/STM32G0xx_HAL_Driver/Src/stm32g0xx_hal_adc_ex.o
 .debug_abbrev  0x0000000000001074      0x29f ./Drivers/STM32G0xx_HAL_Driver/Src/stm32g0xx_hal_cortex.o
 .debug_abbrev  0x0000000000001313      0x1b9 ./Drivers/STM32G0xx_HAL_Driver/Src/stm32g0xx_hal_gpio.o
 .debug_abbrev  0x00000000000014cc      0x232 ./Drivers/STM32G0xx_HAL_Driver/Src/stm32g0xx_hal_pwr_ex.o
 .debug_abbrev  0x00000000000016fe      0x2ae ./Drivers/STM32G0xx_HAL_Driver/Src/stm32g0xx_hal_rcc.o
 .debug_abbrev  0x00000000000019ac      0x234 ./Drivers/STM32G0xx_HAL_Driver/Src/stm32g0xx_hal_rcc_ex.o

.debug_aranges  0x0000000000000000      0x8b0
 .debug_aranges
                0x0000000000000000       0x38 ./Core/Src/lcd_txt.o
 .debug_aranges
                0x0000000000000038       0x48 ./Core/Src/main.o
 .debug_aranges
                0x0000000000000080       0x30 ./Core/Src/stm32g0xx_hal_msp.o
 .debug_aranges
                0x00000000000000b0       0x48 ./Core/Src/stm32g0xx_it.o
 .debug_aranges
                0x00000000000000f8       0x20 ./Core/Src/sysmem.o
 .debug_aranges
                0x0000000000000118       0x28 ./Core/Src/system_stm32g0xx.o
 .debug_aranges
                0x0000000000000140       0x28 ./Core/Startup/startup_stm32g0b1ceuxn.o
 .debug_aranges
                0x0000000000000168      0x130 ./Drivers/STM32G0xx_HAL_Driver/Src/stm32g0xx_hal.o
 .debug_aranges
                0x0000000000000298      0x1f0 ./Drivers/STM32G0xx_HAL_Driver/Src/stm32g0xx_hal_adc.o
 .debug_aranges
                0x0000000000000488       0xa0 ./Drivers/STM32G0xx_HAL_Driver/Src/stm32g0xx_hal_adc_ex.o
 .debug_aranges
                0x0000000000000528       0xd8 ./Drivers/STM32G0xx_HAL_Driver/Src/stm32g0xx_hal_cortex.o
 .debug_aranges
                0x0000000000000600       0x60 ./Drivers/STM32G0xx_HAL_Driver/Src/stm32g0xx_hal_gpio.o
 .debug_aranges
                0x0000000000000660      0x128 ./Drivers/STM32G0xx_HAL_Driver/Src/stm32g0xx_hal_pwr_ex.o
 .debug_aranges
                0x0000000000000788       0xa0 ./Drivers/STM32G0xx_HAL_Driver/Src/stm32g0xx_hal_rcc.o
 .debug_aranges
                0x0000000000000828       0x88 ./Drivers/STM32G0xx_HAL_Driver/Src/stm32g0xx_hal_rcc_ex.o

.debug_ranges   0x0000000000000000      0x7c8
 .debug_ranges  0x0000000000000000       0x28 ./Core/Src/lcd_txt.o
 .debug_ranges  0x0000000000000028       0x38 ./Core/Src/main.o
 .debug_ranges  0x0000000000000060       0x20 ./Core/Src/stm32g0xx_hal_msp.o
 .debug_ranges  0x0000000000000080       0x38 ./Core/Src/stm32g0xx_it.o
 .debug_ranges  0x00000000000000b8       0x10 ./Core/Src/sysmem.o
 .debug_ranges  0x00000000000000c8       0x18 ./Core/Src/system_stm32g0xx.o
 .debug_ranges  0x00000000000000e0       0x20 ./Core/Startup/startup_stm32g0b1ceuxn.o
 .debug_ranges  0x0000000000000100      0x120 ./Drivers/STM32G0xx_HAL_Driver/Src/stm32g0xx_hal.o
 .debug_ranges  0x0000000000000220      0x1e0 ./Drivers/STM32G0xx_HAL_Driver/Src/stm32g0xx_hal_adc.o
 .debug_ranges  0x0000000000000400       0x90 ./Drivers/STM32G0xx_HAL_Driver/Src/stm32g0xx_hal_adc_ex.o
 .debug_ranges  0x0000000000000490       0xc8 ./Drivers/STM32G0xx_HAL_Driver/Src/stm32g0xx_hal_cortex.o
 .debug_ranges  0x0000000000000558       0x50 ./Drivers/STM32G0xx_HAL_Driver/Src/stm32g0xx_hal_gpio.o
 .debug_ranges  0x00000000000005a8      0x118 ./Drivers/STM32G0xx_HAL_Driver/Src/stm32g0xx_hal_pwr_ex.o
 .debug_ranges  0x00000000000006c0       0x90 ./Drivers/STM32G0xx_HAL_Driver/Src/stm32g0xx_hal_rcc.o
 .debug_ranges  0x0000000000000750       0x78 ./Drivers/STM32G0xx_HAL_Driver/Src/stm32g0xx_hal_rcc_ex.o

.debug_macro    0x0000000000000000    0x1c62e
 .debug_macro   0x0000000000000000      0x1ee ./Core/Src/lcd_txt.o
 .debug_macro   0x00000000000001ee      0xa4e ./Core/Src/lcd_txt.o
 .debug_macro   0x0000000000000c3c      0x124 ./Core/Src/lcd_txt.o
 .debug_macro   0x0000000000000d60       0x2e ./Core/Src/lcd_txt.o
 .debug_macro   0x0000000000000d8e       0x28 ./Core/Src/lcd_txt.o
 .debug_macro   0x0000000000000db6       0x22 ./Core/Src/lcd_txt.o
 .debug_macro   0x0000000000000dd8       0x8e ./Core/Src/lcd_txt.o
 .debug_macro   0x0000000000000e66       0x51 ./Core/Src/lcd_txt.o
 .debug_macro   0x0000000000000eb7      0x103 ./Core/Src/lcd_txt.o
 .debug_macro   0x0000000000000fba       0x6a ./Core/Src/lcd_txt.o
 .debug_macro   0x0000000000001024      0x1df ./Core/Src/lcd_txt.o
 .debug_macro   0x0000000000001203       0x1c ./Core/Src/lcd_txt.o
 .debug_macro   0x000000000000121f       0x22 ./Core/Src/lcd_txt.o
 .debug_macro   0x0000000000001241       0xd1 ./Core/Src/lcd_txt.o
 .debug_macro   0x0000000000001312      0x4da ./Core/Src/lcd_txt.o
 .debug_macro   0x00000000000017ec      0x11f ./Core/Src/lcd_txt.o
 .debug_macro   0x000000000000190b     0xf3bb ./Core/Src/lcd_txt.o
 .debug_macro   0x0000000000010cc6       0x66 ./Core/Src/lcd_txt.o
 .debug_macro   0x0000000000010d2c     0x34fd ./Core/Src/lcd_txt.o
 .debug_macro   0x0000000000014229      0x174 ./Core/Src/lcd_txt.o
 .debug_macro   0x000000000001439d       0x5c ./Core/Src/lcd_txt.o
 .debug_macro   0x00000000000143f9      0x72c ./Core/Src/lcd_txt.o
 .debug_macro   0x0000000000014b25     0x1509 ./Core/Src/lcd_txt.o
 .debug_macro   0x000000000001602e      0x535 ./Core/Src/lcd_txt.o
 .debug_macro   0x0000000000016563      0x1cf ./Core/Src/lcd_txt.o
 .debug_macro   0x0000000000016732      0x25b ./Core/Src/lcd_txt.o
 .debug_macro   0x000000000001698d      0x4f5 ./Core/Src/lcd_txt.o
 .debug_macro   0x0000000000016e82      0x280 ./Core/Src/lcd_txt.o
 .debug_macro   0x0000000000017102      0x417 ./Core/Src/lcd_txt.o
 .debug_macro   0x0000000000017519      0x1b2 ./Core/Src/lcd_txt.o
 .debug_macro   0x00000000000176cb       0x43 ./Core/Src/lcd_txt.o
 .debug_macro   0x000000000001770e      0x1f1 ./Core/Src/lcd_txt.o
 .debug_macro   0x00000000000178ff      0x8bd ./Core/Src/lcd_txt.o
 .debug_macro   0x00000000000181bc      0x5c9 ./Core/Src/lcd_txt.o
 .debug_macro   0x0000000000018785       0x2e ./Core/Src/lcd_txt.o
 .debug_macro   0x00000000000187b3      0x1e4 ./Core/Src/lcd_txt.o
 .debug_macro   0x0000000000018997      0x3fa ./Core/Src/lcd_txt.o
 .debug_macro   0x0000000000018d91       0x28 ./Core/Src/lcd_txt.o
 .debug_macro   0x0000000000018db9      0x123 ./Core/Src/lcd_txt.o
 .debug_macro   0x0000000000018edc      0x145 ./Core/Src/lcd_txt.o
 .debug_macro   0x0000000000019021      0x30b ./Core/Src/lcd_txt.o
 .debug_macro   0x000000000001932c      0x5df ./Core/Src/lcd_txt.o
 .debug_macro   0x000000000001990b       0x5e ./Core/Src/lcd_txt.o
 .debug_macro   0x0000000000019969      0x35b ./Core/Src/main.o
 .debug_macro   0x0000000000019cc4      0x5df ./Core/Src/main.o
 .debug_macro   0x000000000001a2a3       0x52 ./Core/Src/main.o
 .debug_macro   0x000000000001a2f5       0x18 ./Core/Src/main.o
 .debug_macro   0x000000000001a30d       0x3c ./Core/Src/main.o
 .debug_macro   0x000000000001a349       0x34 ./Core/Src/main.o
 .debug_macro   0x000000000001a37d       0x16 ./Core/Src/main.o
 .debug_macro   0x000000000001a393       0x35 ./Core/Src/main.o
 .debug_macro   0x000000000001a3c8      0x341 ./Core/Src/main.o
 .debug_macro   0x000000000001a709       0x10 ./Core/Src/main.o
 .debug_macro   0x000000000001a719       0x16 ./Core/Src/main.o
 .debug_macro   0x000000000001a72f       0x43 ./Core/Src/main.o
 .debug_macro   0x000000000001a772       0x34 ./Core/Src/main.o
 .debug_macro   0x000000000001a7a6       0x10 ./Core/Src/main.o
 .debug_macro   0x000000000001a7b6       0x58 ./Core/Src/main.o
 .debug_macro   0x000000000001a80e       0x71 ./Core/Src/main.o
 .debug_macro   0x000000000001a87f       0x1c ./Core/Src/main.o
 .debug_macro   0x000000000001a89b      0x12a ./Core/Src/main.o
 .debug_macro   0x000000000001a9c5       0x10 ./Core/Src/main.o
 .debug_macro   0x000000000001a9d5       0x1c ./Core/Src/main.o
 .debug_macro   0x000000000001a9f1       0x52 ./Core/Src/main.o
 .debug_macro   0x000000000001aa43       0x22 ./Core/Src/main.o
 .debug_macro   0x000000000001aa65       0x10 ./Core/Src/main.o
 .debug_macro   0x000000000001aa75       0x52 ./Core/Src/main.o
 .debug_macro   0x000000000001aac7       0xd5 ./Core/Src/main.o
 .debug_macro   0x000000000001ab9c       0x1c ./Core/Src/main.o
 .debug_macro   0x000000000001abb8       0x3d ./Core/Src/main.o
 .debug_macro   0x000000000001abf5       0x16 ./Core/Src/main.o
 .debug_macro   0x000000000001ac0b      0x145 ./Core/Src/main.o
 .debug_macro   0x000000000001ad50      0x1e9 ./Core/Src/stm32g0xx_hal_msp.o
 .debug_macro   0x000000000001af39      0x1f3 ./Core/Src/stm32g0xx_it.o
 .debug_macro   0x000000000001b12c       0xff ./Core/Src/sysmem.o
 .debug_macro   0x000000000001b22b      0x23b ./Core/Src/sysmem.o
 .debug_macro   0x000000000001b466      0x1df ./Core/Src/system_stm32g0xx.o
 .debug_macro   0x000000000001b645      0x203 ./Drivers/STM32G0xx_HAL_Driver/Src/stm32g0xx_hal.o
 .debug_macro   0x000000000001b848      0x203 ./Drivers/STM32G0xx_HAL_Driver/Src/stm32g0xx_hal_adc.o
 .debug_macro   0x000000000001ba4b      0x1eb ./Drivers/STM32G0xx_HAL_Driver/Src/stm32g0xx_hal_adc_ex.o
 .debug_macro   0x000000000001bc36      0x1df ./Drivers/STM32G0xx_HAL_Driver/Src/stm32g0xx_hal_cortex.o
 .debug_macro   0x000000000001be15      0x1e6 ./Drivers/STM32G0xx_HAL_Driver/Src/stm32g0xx_hal_gpio.o
 .debug_macro   0x000000000001bffb      0x209 ./Drivers/STM32G0xx_HAL_Driver/Src/stm32g0xx_hal_pwr_ex.o
 .debug_macro   0x000000000001c204      0x233 ./Drivers/STM32G0xx_HAL_Driver/Src/stm32g0xx_hal_rcc.o
 .debug_macro   0x000000000001c437      0x1f7 ./Drivers/STM32G0xx_HAL_Driver/Src/stm32g0xx_hal_rcc_ex.o

.debug_line     0x0000000000000000     0x9bbb
 .debug_line    0x0000000000000000      0x7c1 ./Core/Src/lcd_txt.o
 .debug_line    0x00000000000007c1      0xa34 ./Core/Src/main.o
 .debug_line    0x00000000000011f5      0x73f ./Core/Src/stm32g0xx_hal_msp.o
 .debug_line    0x0000000000001934      0x75e ./Core/Src/stm32g0xx_it.o
 .debug_line    0x0000000000002092      0x4ea ./Core/Src/sysmem.o
 .debug_line    0x000000000000257c      0x754 ./Core/Src/system_stm32g0xx.o
 .debug_line    0x0000000000002cd0       0x8a ./Core/Startup/startup_stm32g0b1ceuxn.o
 .debug_line    0x0000000000002d5a      0xaba ./Drivers/STM32G0xx_HAL_Driver/Src/stm32g0xx_hal.o
 .debug_line    0x0000000000003814     0x1838 ./Drivers/STM32G0xx_HAL_Driver/Src/stm32g0xx_hal_adc.o
 .debug_line    0x000000000000504c      0x9bd ./Drivers/STM32G0xx_HAL_Driver/Src/stm32g0xx_hal_adc_ex.o
 .debug_line    0x0000000000005a09      0xb0b ./Drivers/STM32G0xx_HAL_Driver/Src/stm32g0xx_hal_cortex.o
 .debug_line    0x0000000000006514      0xb0b ./Drivers/STM32G0xx_HAL_Driver/Src/stm32g0xx_hal_gpio.o
 .debug_line    0x000000000000701f      0xb77 ./Drivers/STM32G0xx_HAL_Driver/Src/stm32g0xx_hal_pwr_ex.o
 .debug_line    0x0000000000007b96      0xf16 ./Drivers/STM32G0xx_HAL_Driver/Src/stm32g0xx_hal_rcc.o
 .debug_line    0x0000000000008aac     0x110f ./Drivers/STM32G0xx_HAL_Driver/Src/stm32g0xx_hal_rcc_ex.o

.debug_str      0x0000000000000000    0xb4768
 .debug_str     0x0000000000000000    0xad7f5 ./Core/Src/lcd_txt.o
                                      0xae09e (size before relaxing)
 .debug_str     0x00000000000ad7f5     0x45ce ./Core/Src/main.o
                                      0xb26e7 (size before relaxing)
 .debug_str     0x00000000000b1dc3      0x47b ./Core/Src/stm32g0xx_hal_msp.o
                                      0xae9ca (size before relaxing)
 .debug_str     0x00000000000b223e       0xaa ./Core/Src/stm32g0xx_it.o
                                      0xae457 (size before relaxing)
 .debug_str     0x00000000000b22e8      0x4da ./Core/Src/sysmem.o
                                       0x5cab (size before relaxing)
 .debug_str     0x00000000000b27c2       0x8e ./Core/Src/system_stm32g0xx.o
                                      0xadfa6 (size before relaxing)
 .debug_str     0x00000000000b2850       0x37 ./Core/Startup/startup_stm32g0b1ceuxn.o
                                         0x72 (size before relaxing)
 .debug_str     0x00000000000b2887      0x5d6 ./Drivers/STM32G0xx_HAL_Driver/Src/stm32g0xx_hal.o
                                      0xae87f (size before relaxing)
 .debug_str     0x00000000000b2e5d      0x8a6 ./Drivers/STM32G0xx_HAL_Driver/Src/stm32g0xx_hal_adc.o
                                      0xaed86 (size before relaxing)
 .debug_str     0x00000000000b3703      0x197 ./Drivers/STM32G0xx_HAL_Driver/Src/stm32g0xx_hal_adc_ex.o
                                      0xae6f9 (size before relaxing)
 .debug_str     0x00000000000b389a      0x253 ./Drivers/STM32G0xx_HAL_Driver/Src/stm32g0xx_hal_cortex.o
                                      0xae47f (size before relaxing)
 .debug_str     0x00000000000b3aed      0x169 ./Drivers/STM32G0xx_HAL_Driver/Src/stm32g0xx_hal_gpio.o
                                      0xae109 (size before relaxing)
 .debug_str     0x00000000000b3c56      0x3e0 ./Drivers/STM32G0xx_HAL_Driver/Src/stm32g0xx_hal_pwr_ex.o
                                      0xae528 (size before relaxing)
 .debug_str     0x00000000000b4036      0x3c9 ./Drivers/STM32G0xx_HAL_Driver/Src/stm32g0xx_hal_rcc.o
                                      0xae698 (size before relaxing)
 .debug_str     0x00000000000b43ff      0x369 ./Drivers/STM32G0xx_HAL_Driver/Src/stm32g0xx_hal_rcc_ex.o
                                      0xae602 (size before relaxing)

.comment        0x0000000000000000       0x50
 .comment       0x0000000000000000       0x50 ./Core/Src/lcd_txt.o
                                         0x51 (size before relaxing)
 .comment       0x0000000000000050       0x51 ./Core/Src/main.o
 .comment       0x0000000000000050       0x51 ./Core/Src/stm32g0xx_hal_msp.o
 .comment       0x0000000000000050       0x51 ./Core/Src/stm32g0xx_it.o
 .comment       0x0000000000000050       0x51 ./Core/Src/sysmem.o
 .comment       0x0000000000000050       0x51 ./Core/Src/system_stm32g0xx.o
 .comment       0x0000000000000050       0x51 ./Drivers/STM32G0xx_HAL_Driver/Src/stm32g0xx_hal.o
 .comment       0x0000000000000050       0x51 ./Drivers/STM32G0xx_HAL_Driver/Src/stm32g0xx_hal_adc.o
 .comment       0x0000000000000050       0x51 ./Drivers/STM32G0xx_HAL_Driver/Src/stm32g0xx_hal_adc_ex.o
 .comment       0x0000000000000050       0x51 ./Drivers/STM32G0xx_HAL_Driver/Src/stm32g0xx_hal_cortex.o
 .comment       0x0000000000000050       0x51 ./Drivers/STM32G0xx_HAL_Driver/Src/stm32g0xx_hal_gpio.o
 .comment       0x0000000000000050       0x51 ./Drivers/STM32G0xx_HAL_Driver/Src/stm32g0xx_hal_pwr_ex.o
 .comment       0x0000000000000050       0x51 ./Drivers/STM32G0xx_HAL_Driver/Src/stm32g0xx_hal_rcc.o
 .comment       0x0000000000000050       0x51 ./Drivers/STM32G0xx_HAL_Driver/Src/stm32g0xx_hal_rcc_ex.o

.debug_frame    0x0000000000000000     0x22a4
 .debug_frame   0x0000000000000000       0x88 ./Core/Src/lcd_txt.o
 .debug_frame   0x0000000000000088       0xc8 ./Core/Src/main.o
 .debug_frame   0x0000000000000150       0x70 ./Core/Src/stm32g0xx_hal_msp.o
 .debug_frame   0x00000000000001c0       0xb8 ./Core/Src/stm32g0xx_it.o
 .debug_frame   0x0000000000000278       0x30 ./Core/Src/sysmem.o
 .debug_frame   0x00000000000002a8       0x4c ./Core/Src/system_stm32g0xx.o
 .debug_frame   0x00000000000002f4      0x41c ./Drivers/STM32G0xx_HAL_Driver/Src/stm32g0xx_hal.o
 .debug_frame   0x0000000000000710      0x78c ./Drivers/STM32G0xx_HAL_Driver/Src/stm32g0xx_hal_adc.o
 .debug_frame   0x0000000000000e9c      0x230 ./Drivers/STM32G0xx_HAL_Driver/Src/stm32g0xx_hal_adc_ex.o
 .debug_frame   0x00000000000010cc      0x2fc ./Drivers/STM32G0xx_HAL_Driver/Src/stm32g0xx_hal_cortex.o
 .debug_frame   0x00000000000013c8      0x130 ./Drivers/STM32G0xx_HAL_Driver/Src/stm32g0xx_hal_gpio.o
 .debug_frame   0x00000000000014f8      0x3f4 ./Drivers/STM32G0xx_HAL_Driver/Src/stm32g0xx_hal_pwr_ex.o
 .debug_frame   0x00000000000018ec      0x214 ./Drivers/STM32G0xx_HAL_Driver/Src/stm32g0xx_hal_rcc.o
 .debug_frame   0x0000000000001b00      0x1c0 ./Drivers/STM32G0xx_HAL_Driver/Src/stm32g0xx_hal_rcc_ex.o
 .debug_frame   0x0000000000001cc0       0x20 c:/st/stm32cubeide_1.10.1/stm32cubeide/plugins/com.st.stm32cube.ide.mcu.externaltools.gnu-tools-for-stm32.10.3-2021.10.win32_1.0.0.202111181127/tools/bin/../lib/gcc/arm-none-eabi/10.3.1/../../../../arm-none-eabi/lib/thumb/v6-m/nofp\libc_nano.a(lib_a-errno.o)
 .debug_frame   0x0000000000001ce0       0x2c c:/st/stm32cubeide_1.10.1/stm32cubeide/plugins/com.st.stm32cube.ide.mcu.externaltools.gnu-tools-for-stm32.10.3-2021.10.win32_1.0.0.202111181127/tools/bin/../lib/gcc/arm-none-eabi/10.3.1/../../../../arm-none-eabi/lib/thumb/v6-m/nofp\libc_nano.a(lib_a-init.o)
 .debug_frame   0x0000000000001d0c       0x20 c:/st/stm32cubeide_1.10.1/stm32cubeide/plugins/com.st.stm32cube.ide.mcu.externaltools.gnu-tools-for-stm32.10.3-2021.10.win32_1.0.0.202111181127/tools/bin/../lib/gcc/arm-none-eabi/10.3.1/../../../../arm-none-eabi/lib/thumb/v6-m/nofp\libc_nano.a(lib_a-memset.o)
 .debug_frame   0x0000000000001d2c       0x50 c:/st/stm32cubeide_1.10.1/stm32cubeide/plugins/com.st.stm32cube.ide.mcu.externaltools.gnu-tools-for-stm32.10.3-2021.10.win32_1.0.0.202111181127/tools/bin/../lib/gcc/arm-none-eabi/10.3.1/../../../../arm-none-eabi/lib/thumb/v6-m/nofp\libc_nano.a(lib_a-snprintf.o)
 .debug_frame   0x0000000000001d7c       0x74 c:/st/stm32cubeide_1.10.1/stm32cubeide/plugins/com.st.stm32cube.ide.mcu.externaltools.gnu-tools-for-stm32.10.3-2021.10.win32_1.0.0.202111181127/tools/bin/../lib/gcc/arm-none-eabi/10.3.1/../../../../arm-none-eabi/lib/thumb/v6-m/nofp\libc_nano.a(lib_a-nano-svfprintf.o)
 .debug_frame   0x0000000000001df0       0x54 c:/st/stm32cubeide_1.10.1/stm32cubeide/plugins/com.st.stm32cube.ide.mcu.externaltools.gnu-tools-for-stm32.10.3-2021.10.win32_1.0.0.202111181127/tools/bin/../lib/gcc/arm-none-eabi/10.3.1/../../../../arm-none-eabi/lib/thumb/v6-m/nofp\libc_nano.a(lib_a-nano-vfprintf_i.o)
 .debug_frame   0x0000000000001e44       0x20 c:/st/stm32cubeide_1.10.1/stm32cubeide/plugins/com.st.stm32cube.ide.mcu.externaltools.gnu-tools-for-stm32.10.3-2021.10.win32_1.0.0.202111181127/tools/bin/../lib/gcc/arm-none-eabi/10.3.1/../../../../arm-none-eabi/lib/thumb/v6-m/nofp\libc_nano.a(lib_a-memchr-stub.o)
 .debug_frame   0x0000000000001e64       0x28 c:/st/stm32cubeide_1.10.1/stm32cubeide/plugins/com.st.stm32cube.ide.mcu.externaltools.gnu-tools-for-stm32.10.3-2021.10.win32_1.0.0.202111181127/tools/bin/../lib/gcc/arm-none-eabi/10.3.1/../../../../arm-none-eabi/lib/thumb/v6-m/nofp\libc_nano.a(lib_a-memcpy-stub.o)
 .debug_frame   0x0000000000001e8c       0x28 c:/st/stm32cubeide_1.10.1/stm32cubeide/plugins/com.st.stm32cube.ide.mcu.externaltools.gnu-tools-for-stm32.10.3-2021.10.win32_1.0.0.202111181127/tools/bin/../lib/gcc/arm-none-eabi/10.3.1/../../../../arm-none-eabi/lib/thumb/v6-m/nofp\libc_nano.a(lib_a-memmove.o)
 .debug_frame   0x0000000000001eb4       0x2c c:/st/stm32cubeide_1.10.1/stm32cubeide/plugins/com.st.stm32cube.ide.mcu.externaltools.gnu-tools-for-stm32.10.3-2021.10.win32_1.0.0.202111181127/tools/bin/../lib/gcc/arm-none-eabi/10.3.1/../../../../arm-none-eabi/lib/thumb/v6-m/nofp\libc_nano.a(lib_a-nano-freer.o)
 .debug_frame   0x0000000000001ee0       0x50 c:/st/stm32cubeide_1.10.1/stm32cubeide/plugins/com.st.stm32cube.ide.mcu.externaltools.gnu-tools-for-stm32.10.3-2021.10.win32_1.0.0.202111181127/tools/bin/../lib/gcc/arm-none-eabi/10.3.1/../../../../arm-none-eabi/lib/thumb/v6-m/nofp\libc_nano.a(lib_a-nano-mallocr.o)
 .debug_frame   0x0000000000001f30       0x34 c:/st/stm32cubeide_1.10.1/stm32cubeide/plugins/com.st.stm32cube.ide.mcu.externaltools.gnu-tools-for-stm32.10.3-2021.10.win32_1.0.0.202111181127/tools/bin/../lib/gcc/arm-none-eabi/10.3.1/../../../../arm-none-eabi/lib/thumb/v6-m/nofp\libc_nano.a(lib_a-nano-reallocr.o)
 .debug_frame   0x0000000000001f64       0x2c c:/st/stm32cubeide_1.10.1/stm32cubeide/plugins/com.st.stm32cube.ide.mcu.externaltools.gnu-tools-for-stm32.10.3-2021.10.win32_1.0.0.202111181127/tools/bin/../lib/gcc/arm-none-eabi/10.3.1/../../../../arm-none-eabi/lib/thumb/v6-m/nofp\libc_nano.a(lib_a-sbrkr.o)
 .debug_frame   0x0000000000001f90       0x40 c:/st/stm32cubeide_1.10.1/stm32cubeide/plugins/com.st.stm32cube.ide.mcu.externaltools.gnu-tools-for-stm32.10.3-2021.10.win32_1.0.0.202111181127/tools/bin/../lib/gcc/arm-none-eabi/10.3.1/../../../../arm-none-eabi/lib/thumb/v6-m/nofp\libc_nano.a(lib_a-mlock.o)
 .debug_frame   0x0000000000001fd0       0x20 c:/st/stm32cubeide_1.10.1/stm32cubeide/plugins/com.st.stm32cube.ide.mcu.externaltools.gnu-tools-for-stm32.10.3-2021.10.win32_1.0.0.202111181127/tools/bin/../lib/gcc/arm-none-eabi/10.3.1/../../../../arm-none-eabi/lib/thumb/v6-m/nofp\libc_nano.a(lib_a-nano-msizer.o)
 .debug_frame   0x0000000000001ff0       0x48 c:/st/stm32cubeide_1.10.1/stm32cubeide/plugins/com.st.stm32cube.ide.mcu.externaltools.gnu-tools-for-stm32.10.3-2021.10.win32_1.0.0.202111181127/tools/bin/../lib/gcc/arm-none-eabi/10.3.1/../../../../arm-none-eabi/lib/thumb/v6-m/nofp\libc_nano.a(lib_a-reent.o)
 .debug_frame   0x0000000000002038       0xb0 c:/st/stm32cubeide_1.10.1/stm32cubeide/plugins/com.st.stm32cube.ide.mcu.externaltools.gnu-tools-for-stm32.10.3-2021.10.win32_1.0.0.202111181127/tools/bin/../lib/gcc/arm-none-eabi/10.3.1/../../../../arm-none-eabi/lib/thumb/v6-m/nofp\libc_nano.a(lib_a-lock.o)
 .debug_frame   0x00000000000020e8       0x20 c:/st/stm32cubeide_1.10.1/stm32cubeide/plugins/com.st.stm32cube.ide.mcu.externaltools.gnu-tools-for-stm32.10.3-2021.10.win32_1.0.0.202111181127/tools/bin/../lib/gcc/arm-none-eabi/10.3.1/thumb/v6-m/nofp\libgcc.a(_udivsi3.o)
 .debug_frame   0x0000000000002108       0x2c c:/st/stm32cubeide_1.10.1/stm32cubeide/plugins/com.st.stm32cube.ide.mcu.externaltools.gnu-tools-for-stm32.10.3-2021.10.win32_1.0.0.202111181127/tools/bin/../lib/gcc/arm-none-eabi/10.3.1/thumb/v6-m/nofp\libgcc.a(_fixunsdfsi.o)
 .debug_frame   0x0000000000002134       0x3c c:/st/stm32cubeide_1.10.1/stm32cubeide/plugins/com.st.stm32cube.ide.mcu.externaltools.gnu-tools-for-stm32.10.3-2021.10.win32_1.0.0.202111181127/tools/bin/../lib/gcc/arm-none-eabi/10.3.1/thumb/v6-m/nofp\libgcc.a(muldf3.o)
 .debug_frame   0x0000000000002170       0x3c c:/st/stm32cubeide_1.10.1/stm32cubeide/plugins/com.st.stm32cube.ide.mcu.externaltools.gnu-tools-for-stm32.10.3-2021.10.win32_1.0.0.202111181127/tools/bin/../lib/gcc/arm-none-eabi/10.3.1/thumb/v6-m/nofp\libgcc.a(subdf3.o)
 .debug_frame   0x00000000000021ac       0x2c c:/st/stm32cubeide_1.10.1/stm32cubeide/plugins/com.st.stm32cube.ide.mcu.externaltools.gnu-tools-for-stm32.10.3-2021.10.win32_1.0.0.202111181127/tools/bin/../lib/gcc/arm-none-eabi/10.3.1/thumb/v6-m/nofp\libgcc.a(fixdfsi.o)
 .debug_frame   0x00000000000021d8       0x2c c:/st/stm32cubeide_1.10.1/stm32cubeide/plugins/com.st.stm32cube.ide.mcu.externaltools.gnu-tools-for-stm32.10.3-2021.10.win32_1.0.0.202111181127/tools/bin/../lib/gcc/arm-none-eabi/10.3.1/thumb/v6-m/nofp\libgcc.a(floatsidf.o)
 .debug_frame   0x0000000000002204       0x38 c:/st/stm32cubeide_1.10.1/stm32cubeide/plugins/com.st.stm32cube.ide.mcu.externaltools.gnu-tools-for-stm32.10.3-2021.10.win32_1.0.0.202111181127/tools/bin/../lib/gcc/arm-none-eabi/10.3.1/thumb/v6-m/nofp\libgcc.a(eqdf2.o)
 .debug_frame   0x000000000000223c       0x34 c:/st/stm32cubeide_1.10.1/stm32cubeide/plugins/com.st.stm32cube.ide.mcu.externaltools.gnu-tools-for-stm32.10.3-2021.10.win32_1.0.0.202111181127/tools/bin/../lib/gcc/arm-none-eabi/10.3.1/thumb/v6-m/nofp\libgcc.a(gedf2.o)
 .debug_frame   0x0000000000002270       0x34 c:/st/stm32cubeide_1.10.1/stm32cubeide/plugins/com.st.stm32cube.ide.mcu.externaltools.gnu-tools-for-stm32.10.3-2021.10.win32_1.0.0.202111181127/tools/bin/../lib/gcc/arm-none-eabi/10.3.1/thumb/v6-m/nofp\libgcc.a(ledf2.o)
