../Core/Src/main.c:31:6:set_time	32	static
../Core/Src/main.c:61:6:set_alarm	48	static
../Core/Src/main.c:87:6:get_time	48	static
../Core/Src/main.c:106:6:display_time	8	static
../Core/Src/main.c:112:6:HAL_RTC_AlarmAEventCallback	16	static
../Core/Src/main.c:117:6:to_do_on_alarm	8	static
../Core/Src/main.c:126:5:main	8	static
../Core/Src/main.c:164:6:SystemClock_Config	168	static
../Core/Src/main.c:213:13:MX_RTC_Init	8	static
../Core/Src/main.c:258:13:MX_GPIO_Init	48	static
../Core/Src/main.c:299:6:Error_Handler	8	static,ignoring_inline_asm
